Component: ARM Compiler 5.06 update 6 (build 750) Tool: armlink [4d35ed]

==============================================================================

Section Cross References

    pwm.o(i.FTM3_set_duty_cycle) refers to f2d.o(x$fpl$f2d) for __aeabi_f2d
    pwm.o(i.FTM3_set_duty_cycle) refers to drleqf.o(x$fpl$drleqf) for __aeabi_cdrcmple
    pwm.o(i.FTM3_set_duty_cycle) refers to dleqf.o(x$fpl$dleqf) for __aeabi_cdcmple
    pwm.o(i.FTM3_set_duty_cycle) refers to dflt_clz.o(x$fpl$dfltu) for __aeabi_ui2d
    pwm.o(i.FTM3_set_duty_cycle) refers to ddiv.o(x$fpl$ddiv) for __aeabi_ddiv
    pwm.o(i.FTM3_set_duty_cycle) refers to dmul.o(x$fpl$dmul) for __aeabi_dmul
    pwm.o(i.FTM3_set_duty_cycle) refers to dfixu.o(x$fpl$dfixu) for __aeabi_d2uiz
    pwm.o(i.init_motors) refers to pwm.o(i.FTM0_init) for FTM0_init
    pwm.o(i.init_motors) refers to pwm.o(i.FTM3_init) for FTM3_init
    pwm.o(i.init_motors) refers to pwm.o(i.en_motors) for en_motors
    main_car.o(i.ADC0_IRQHandler) refers to main_car.o(.data) for ADC0VAL
    main_car.o(i.FTM2_IRQHandler) refers to main_car.o(i.line_averager) for line_averager
    main_car.o(i.FTM2_IRQHandler) refers to main_car.o(i.edge_finder) for edge_finder
    main_car.o(i.FTM2_IRQHandler) refers to main_car.o(i.maxedge) for maxedge
    main_car.o(i.FTM2_IRQHandler) refers to main_car.o(i.minedge) for minedge
    main_car.o(i.FTM2_IRQHandler) refers to main_car.o(i.maxsmooth) for maxsmooth
    main_car.o(i.FTM2_IRQHandler) refers to main_car.o(i.minsmooth) for minsmooth
    main_car.o(i.FTM2_IRQHandler) refers to main_car.o(.data) for clkval
    main_car.o(i.FTM2_IRQHandler) refers to main_car.o(.bss) for line
    main_car.o(i.PIDSpeed) refers to f2d.o(x$fpl$f2d) for __aeabi_f2d
    main_car.o(i.PIDSpeed) refers to dmul.o(x$fpl$dmul) for __aeabi_dmul
    main_car.o(i.PIDSpeed) refers to daddsub_clz.o(x$fpl$dsub) for __aeabi_dsub
    main_car.o(i.PIDSpeed) refers to daddsub_clz.o(x$fpl$dadd) for __aeabi_dadd
    main_car.o(i.PIDSpeed) refers to ddiv.o(x$fpl$ddiv) for __aeabi_ddiv
    main_car.o(i.PIDSpeed) refers to d2f.o(x$fpl$d2f) for __aeabi_d2f
    main_car.o(i.PIDSpeed) refers to pwm.o(i.FTM0_set_duty_cycle) for FTM0_set_duty_cycle
    main_car.o(i.PIDSpeed) refers to main_car.o(.data) for PID
    main_car.o(i.PIT0_IRQHandler) refers to main_car.o(.data) for debugcamdata
    main_car.o(i.bluetoothPID) refers to strtok.o(.text) for strtok
    main_car.o(i.bluetoothPID) refers to strtof.o(i.__hardfp_strtof) for __hardfp_strtof
    main_car.o(i.bluetoothPID) refers to main_car.o(.data) for PID
    main_car.o(i.edge_finder) refers to main_car.o(.bss) for smoothed_line
    main_car.o(i.edge_finder) refers to main_car.o(.data) for edger
    main_car.o(i.init) refers to uart.o(i.uart_init) for uart_init
    main_car.o(i.init) refers to pwm.o(i.init_motors) for init_motors
    main_car.o(i.init_ADC0) refers to main_car.o(i.__NVIC_EnableIRQ) for __NVIC_EnableIRQ
    main_car.o(i.init_FTM2) refers to main_car.o(i.__NVIC_EnableIRQ) for __NVIC_EnableIRQ
    main_car.o(i.init_PIT) refers to main_car.o(i.__NVIC_EnableIRQ) for __NVIC_EnableIRQ
    main_car.o(i.line_averager) refers to main_car.o(.bss) for line
    main_car.o(i.line_averager) refers to main_car.o(.data) for smoother
    main_car.o(i.main) refers to main_car.o(i.init) for init
    main_car.o(i.main) refers to main_car.o(i.init_GPIO) for init_GPIO
    main_car.o(i.main) refers to main_car.o(i.init_FTM2) for init_FTM2
    main_car.o(i.main) refers to main_car.o(i.init_ADC0) for init_ADC0
    main_car.o(i.main) refers to main_car.o(i.init_PIT) for init_PIT
    main_car.o(i.main) refers to pwm.o(i.FTM3_set_duty_cycle) for FTM3_set_duty_cycle
    main_car.o(i.main) refers to main_car.o(i.bluetoothPID) for bluetoothPID
    main_car.o(i.main) refers to main_car.o(i.uart0_put) for uart0_put
    main_car.o(i.main) refers to main_car.o(i.uart0_putnumU) for uart0_putnumU
    main_car.o(i.main) refers to main_car.o(i.uart3_put) for uart3_put
    main_car.o(i.main) refers to main_car.o(i.uart3_putnumU) for uart3_putnumU
    main_car.o(i.main) refers to pwm.o(i.FTM0_set_duty_cycle) for FTM0_set_duty_cycle
    main_car.o(i.main) refers to main_car.o(i.PIDSpeed) for PIDSpeed
    main_car.o(i.main) refers to dflt_clz.o(x$fpl$dflt) for __aeabi_i2d
    main_car.o(i.main) refers to dmul.o(x$fpl$dmul) for __aeabi_dmul
    main_car.o(i.main) refers to f2d.o(x$fpl$f2d) for __aeabi_f2d
    main_car.o(i.main) refers to daddsub_clz.o(x$fpl$dadd) for __aeabi_dadd
    main_car.o(i.main) refers to d2f.o(x$fpl$d2f) for __aeabi_d2f
    main_car.o(i.main) refers to daddsub_clz.o(x$fpl$dsub) for __aeabi_dsub
    main_car.o(i.main) refers to main_car.o(.data) for left
    main_car.o(i.maxedge) refers to main_car.o(.bss) for edge_line
    main_car.o(i.maxsmooth) refers to main_car.o(.bss) for smoothed_line
    main_car.o(i.minedge) refers to main_car.o(.bss) for edge_line
    main_car.o(i.minsmooth) refers to main_car.o(.bss) for smoothed_line
[...]
    ../clib/angel/boardlib.s                 0x00000000   Number         0  boardshut.o ABSOLUTE
    ../clib/angel/boardlib.s                 0x00000000   Number         0  boardinit2.o ABSOLUTE
    ../clib/angel/boardlib.s                 0x00000000   Number         0  boardinit3.o ABSOLUTE
    ../clib/angel/handlers.s                 0x00000000   Number         0  __scatter_copy.o ABSOLUTE
    ../clib/angel/handlers.s                 0x00000000   Number         0  __scatter_zi.o ABSOLUTE
    ../clib/angel/kernel.s                   0x00000000   Number         0  rtexit2.o ABSOLUTE
    ../clib/angel/kernel.s                   0x00000000   Number         0  __rtentry2.o ABSOLUTE
    ../clib/angel/kernel.s                   0x00000000   Number         0  __rtentry.o ABSOLUTE
    ../clib/angel/kernel.s                   0x00000000   Number         0  __rtentry4.o ABSOLUTE
    ../clib/angel/kernel.s                   0x00000000   Number         0  rtexit.o ABSOLUTE
    ../clib/angel/rt.s                       0x00000000   Number         0  rt_locale_intlibspace.o ABSOLUTE
    ../clib/angel/rt.s                       0x00000000   Number         0  rt_ctype_table.o ABSOLUTE
    ../clib/angel/rt.s                       0x00000000   Number         0  rt_errno_addr.o ABSOLUTE
    ../clib/angel/rt.s                       0x00000000   Number         0  rt_errno_addr_intlibspace.o ABSOLUTE
    ../clib/angel/rt.s                       0x00000000   Number         0  rt_raise.o ABSOLUTE
    ../clib/angel/rt.s                       0x00000000   Number         0  rt_locale.o ABSOLUTE
    ../clib/angel/scatter.s                  0x00000000   Number         0  __scatter.o ABSOLUTE
    ../clib/angel/startup.s                  0x00000000   Number         0  __main.o ABSOLUTE
    ../clib/angel/sys.s                      0x00000000   Number         0  libspace.o ABSOLUTE
    ../clib/angel/sys.s                      0x00000000   Number         0  use_no_semi.o ABSOLUTE
    ../clib/angel/sys.s                      0x00000000   Number         0  indicate_semi.o ABSOLUTE
    ../clib/angel/sys.s                      0x00000000   Number         0  sys_stackheap_outer.o ABSOLUTE
    ../clib/angel/sysapp.c                   0x00000000   Number         0  sys_exit.o ABSOLUTE
    ../clib/angel/sysapp.c                   0x00000000   Number         0  sys_wrch.o ABSOLUTE
    ../clib/angel/sysapp.c                   0x00000000   Number         0  sys_command.o ABSOLUTE
    ../clib/armsys.c                         0x00000000   Number         0  argv_veneer.o ABSOLUTE
    ../clib/armsys.c                         0x00000000   Number         0  no_argv.o ABSOLUTE
    ../clib/armsys.c                         0x00000000   Number         0  argv_veneer.o ABSOLUTE
    ../clib/armsys.c                         0x00000000   Number         0  _get_argv_nomalloc.o ABSOLUTE
    ../clib/bigflt.c                         0x00000000   Number         0  bigflt0.o ABSOLUTE
    ../clib/btod.s                           0x00000000   Number         0  btod.o ABSOLUTE
    ../clib/ctype.c                          0x00000000   Number         0  isspace.o ABSOLUTE
    ../clib/fenv.c                           0x00000000   Number         0  _rserrno.o ABSOLUTE
    ../clib/heapalloc.c                      0x00000000   Number         0  hrguard.o ABSOLUTE
    ../clib/heapaux.c                        0x00000000   Number         0  heapauxi.o ABSOLUTE
    ../clib/libinit.s                        0x00000000   Number         0  libinit2.o ABSOLUTE
    ../clib/libinit.s                        0x00000000   Number         0  libshutdown2.o ABSOLUTE
    ../clib/libinit.s                        0x00000000   Number         0  libinit.o ABSOLUTE
    ../clib/libinit.s                        0x00000000   Number         0  libshutdown.o ABSOLUTE
    ../clib/locale.s                         0x00000000   Number         0  lc_ctype_c.o ABSOLUTE
    ../clib/locale.s                         0x00000000   Number         0  lc_numeric_c.o ABSOLUTE
    ../clib/longlong.s                       0x00000000   Number         0  llshl.o ABSOLUTE
    ../clib/memcpset.s                       0x00000000   Number         0  strcmpv7m.o ABSOLUTE
    ../clib/scanf.c                          0x00000000   Number         0  scanf_fp.o ABSOLUTE
    ../clib/scanf.c                          0x00000000   Number         0  strtod.o ABSOLUTE
    ../clib/scanf.c                          0x00000000   Number         0  strtof.o ABSOLUTE
    ../clib/scanf.c                          0x00000000   Number         0  _chval.o ABSOLUTE
    ../clib/scanf.c                          0x00000000   Number         0  scanf_infnan.o ABSOLUTE
    ../clib/scanf.c                          0x00000000   Number         0  scanf_hexfp.o ABSOLUTE
    ../clib/scanf.c                          0x00000000   Number         0  _sgetc.o ABSOLUTE
    ../clib/signal.c                         0x00000000   Number         0  defsig_segv_inner.o ABSOLUTE
    ../clib/signal.c                         0x00000000   Number         0  defsig_rtmem_outer.o ABSOLUTE
    ../clib/signal.c                         0x00000000   Number         0  defsig_rtmem_inner.o ABSOLUTE
    ../clib/signal.c                         0x00000000   Number         0  defsig_cppl_inner.o ABSOLUTE
    ../clib/signal.c                         0x00000000   Number         0  defsig_pvfn_inner.o ABSOLUTE
    ../clib/signal.c                         0x00000000   Number         0  defsig_stak_inner.o ABSOLUTE
    ../clib/signal.c                         0x00000000   Number         0  defsig_rtmem_formal.o ABSOLUTE
    ../clib/signal.c                         0x00000000   Number         0  defsig_rtred_inner.o ABSOLUTE
    ../clib/signal.c                         0x00000000   Number         0  defsig_fpe_inner.o ABSOLUTE
    ../clib/signal.c                         0x00000000   Number         0  defsig_abrt_inner.o ABSOLUTE
    ../clib/signal.c                         0x00000000   Number         0  defsig_exit.o ABSOLUTE
    ../clib/signal.c                         0x00000000   Number         0  __raise.o ABSOLUTE
    ../clib/signal.c                         0x00000000   Number         0  defsig_general.o ABSOLUTE
    ../clib/signal.c                         0x00000000   Number         0  defsig_other.o ABSOLUTE
    ../clib/signal.s                         0x00000000   Number         0  defsig.o ABSOLUTE
    ../clib/stdlib.c                         0x00000000   Number         0  exit.o ABSOLUTE
    ../clib/string.c                         0x00000000   Number         0  strtok.o ABSOLUTE
    ../clib/string.c                         0x00000000   Number         0  strcspn.o ABSOLUTE
    ../clib/string.c                         0x00000000   Number         0  strtok_int.o ABSOLUTE
    ../clib/string.c                         0x00000000   Number         0  strspn.o ABSOLUTE
    ../fplib/d2f.s                           0x00000000   Number         0  d2f.o ABSOLUTE
    ../fplib/daddsub.s                       0x00000000   Number         0  daddsub_clz.o ABSOLUTE
    ../fplib/dcheck1.s                       0x00000000   Number         0  dcheck1.o ABSOLUTE
    ../fplib/dcmpi.s                         0x00000000   Number         0  dcmpi.o ABSOLUTE
    ../fplib/ddiv.s                          0x00000000   Number         0  ddiv.o ABSOLUTE
    ../fplib/deqf.s                          0x00000000   Number         0  deqf.o ABSOLUTE
    ../fplib/dfixu.s                         0x00000000   Number         0  dfixu.o ABSOLUTE
    ../fplib/dflt.s                          0x00000000   Number         0  dflt_clz.o ABSOLUTE
    ../fplib/dleqf.s                         0x00000000   Number         0  dleqf.o ABSOLUTE
    ../fplib/dmul.s                          0x00000000   Number         0  dmul.o ABSOLUTE
    ../fplib/dnaninf.s                       0x00000000   Number         0  dnaninf.o ABSOLUTE
    ../fplib/dretinf.s                       0x00000000   Number         0  dretinf.o ABSOLUTE
    ../fplib/drleqf.s                        0x00000000   Number         0  drleqf.o ABSOLUTE
    ../fplib/f2d.s                           0x00000000   Number         0  f2d.o ABSOLUTE
    ../fplib/fnaninf.s                       0x00000000   Number         0  fnaninf.o ABSOLUTE
    ../fplib/fpconst.s                       0x00000000   Number         0  fpconst.o ABSOLUTE
    ../fplib/fpinit.s                        0x00000000   Number         0  fpinit.o ABSOLUTE
    ../fplib/fretinf.s                       0x00000000   Number         0  fretinf.o ABSOLUTE
    ../fplib/istatus.s                       0x00000000   Number         0  istatus.o ABSOLUTE
    ../fplib/retnan.s                        0x00000000   Number         0  retnan.o ABSOLUTE
    ../fplib/scalbn.s                        0x00000000   Number         0  scalbn.o ABSOLUTE
    ../fplib/scanf1.s                        0x00000000   Number         0  scanf1.o ABSOLUTE
    ../fplib/scanf2.s                        0x00000000   Number         0  scanf2.o ABSOLUTE
    ../fplib/scanf2a.s                       0x00000000   Number         0  scanf2a.o ABSOLUTE
    ../fplib/scanf2b.s                       0x00000000   Number         0  scanf2b.o ABSOLUTE
    ../fplib/trapv.s                         0x00000000   Number         0  trapv.o ABSOLUTE
    ../fplib/usenofp.s                       0x00000000   Number         0  usenofp.o ABSOLUTE
    ../mathlib/dunder.c                      0x00000000   Number         0  dunder.o ABSOLUTE
    ../mathlib/frexp.c                       0x00000000   Number         0  frexp.o ABSOLUTE
    ../mathlib/ldexp.c                       0x00000000   Number         0  ldexp_x.o ABSOLUTE
    ../mathlib/ldexp.c                       0x00000000   Number         0  ldexp.o ABSOLUTE
    ../mathlib/narrow.c                      0x00000000   Number         0  narrow.o ABSOLUTE
    ../mathlib/qnan.c                        0x00000000   Number         0  qnan.o ABSOLUTE
    ../mathlib/strtof.c                      0x00000000   Number         0  strtof.o ABSOLUTE
    RTE\Device\MK64FN1M0xxx12\startup_MK64F12.s 0x00000000   Number         0  startup_mk64f12.o ABSOLUTE
    RTE\Device\MK64FN1M0xxx12\system_MK64F12.c 0x00000000   Number         0  system_mk64f12.o ABSOLUTE
    RTE\\Device\\MK64FN1M0xxx12\\system_MK64F12.c 0x00000000   Number         0  system_mk64f12.o ABSOLUTE
    dc.s                                     0x00000000   Number         0  dc.o ABSOLUTE
    main_car.c                               0x00000000   Number         0  main_car.o ABSOLUTE
    main_car.c                               0x00000000   Number         0  main_car.o ABSOLUTE
    pwm.c                                    0x00000000   Number         0  pwm.o ABSOLUTE
    pwm.c                                    0x00000000   Number         0  pwm.o ABSOLUTE
    uart.c                                   0x00000000   Number         0  uart.o ABSOLUTE
    uart.c                                   0x00000000   Number         0  uart.o ABSOLUTE
    .ARM.__at_0x400                          0x00000400   Section       16  startup_mk64f12.o(.ARM.__at_0x400)
    !!!main                                  0x00000410   Section        8  __main.o(!!!main)
    !!!scatter                               0x00000418   Section       52  __scatter.o(!!!scatter)
    !!handler_copy                           0x0000044c   Section       26  __scatter_copy.o(!!handler_copy)
    !!handler_zi                             0x00000468   Section       28  __scatter_zi.o(!!handler_zi)
    .ARM.Collect$$libinit$$00000000          0x00000484   Section        2  libinit.o(.ARM.Collect$$libinit$$00000000)
    .ARM.Collect$$libinit$$00000001          0x00000486   Section        4  libinit2.o(.ARM.Collect$$libinit$$00000001)
    .ARM.Collect$$libinit$$00000004          0x0000048a   Section        0  libinit2.o(.ARM.Collect$$libinit$$00000004)
    .ARM.Collect$$libinit$$0000000A          0x0000048a   Section        0  libinit2.o(.ARM.Collect$$libinit$$0000000A)
    .ARM.Collect$$libinit$$0000000C          0x0000048a   Section        0  libinit2.o(.ARM.Collect$$libinit$$0000000C)
    .ARM.Collect$$libinit$$0000000E          0x0000048a   Section        0  libinit2.o(.ARM.Collect$$libinit$$0000000E)
    .ARM.Collect$$libinit$$0000000F          0x0000048a   Section        6  libinit2.o(.ARM.Collect$$libinit$$0000000F)
    .ARM.Collect$$libinit$$00000011          0x00000490   Section        0  libinit2.o(.ARM.Collect$$libinit$$00000011)
    .ARM.Collect$$libinit$$00000012          0x00000490   Section       12  libinit2.o(.ARM.Collect$$libinit$$00000012)
    .ARM.Collect$$libinit$$00000013          0x0000049c   Section        0  libinit2.o(.ARM.Collect$$libinit$$00000013)
    .ARM.Collect$$libinit$$00000015          0x0000049c   Section        0  libinit2.o(.ARM.Collect$$libinit$$00000015)
    .ARM.Collect$$libinit$$00000016          0x0000049c   Section       10  libinit2.o(.ARM.Collect$$libinit$$00000016)
    .ARM.Collect$$libinit$$00000017          0x000004a6   Section        0  libinit2.o(.ARM.Collect$$libinit$$00000017)
    .ARM.Collect$$libinit$$00000019          0x000004a6   Section        0  libinit2.o(.ARM.Collect$$libinit$$00000019)
    .ARM.Collect$$libinit$$0000001B          0x000004a6   Section        0  libinit2.o(.ARM.Collect$$libinit$$0000001B)
    .ARM.Collect$$libinit$$0000001D          0x000004a6   Section        0  libinit2.o(.ARM.Collect$$libinit$$0000001D)
    .ARM.Collect$$libinit$$0000001F          0x000004a6   Section        0  libinit2.o(.ARM.Collect$$libinit$$0000001F)
    .ARM.Collect$$libinit$$00000021          0x000004a6   Section        0  libinit2.o(.ARM.Collect$$libinit$$00000021)
    .ARM.Collect$$libinit$$00000023          0x000004a6   Section        0  libinit2.o(.ARM.Collect$$libinit$$00000023)
    .ARM.Collect$$libinit$$00000025          0x000004a6   Section        0  libinit2.o(.ARM.Collect$$libinit$$00000025)
    .ARM.Collect$$libinit$$0000002C          0x000004a6   Section        0  libinit2.o(.ARM.Collect$$libinit$$0000002C)
    .ARM.Collect$$libinit$$0000002E          0x000004a6   Section        0  libinit2.o(.ARM.Collect$$libinit$$0000002E)
    .ARM.Collect$$libinit$$00000030          0x000004a6   Section        0  libinit2.o(.ARM.Collect$$libinit$$00000030)
    .ARM.Collect$$libinit$$00000032          0x000004a6   Section        0  libinit2.o(.ARM.Collect$$libinit$$00000032)
    .ARM.Collect$$libinit$$00000033          0x000004a6   Section        2  libinit2.o(.ARM.Collect$$libinit$$00000033)
    .ARM.Collect$$libshutdown$$00000000      0x000004a8   Section        2  libshutdown.o(.ARM.Collect$$libshutdown$$00000000)
    .ARM.Collect$$libshutdown$$00000002      0x000004aa   Section        0  libshutdown2.o(.ARM.Collect$$libshutdown$$00000002)
    .ARM.Collect$$libshutdown$$00000004      0x000004aa   Section        0  libshutdown2.o(.ARM.Collect$$libshutdown$$00000004)
    .ARM.Collect$$libshutdown$$00000007      0x000004aa   Section        0  libshutdown2.o(.ARM.Collect$$libshutdown$$00000007)
    .ARM.Collect$$libshutdown$$0000000A      0x000004aa   Section        0  libshutdown2.o(.ARM.Collect$$libshutdown$$0000000A)
    .ARM.Collect$$libshutdown$$0000000C      0x000004aa   Section        0  libshutdown2.o(.ARM.Collect$$libshutdown$$0000000C)
    .ARM.Collect$$libshutdown$$0000000F      0x000004aa   Section        0  libshutdown2.o(.ARM.Collect$$libshutdown$$0000000F)
    .ARM.Collect$$libshutdown$$00000010      0x000004aa   Section        2  libshutdown2.o(.ARM.Collect$$libshutdown$$00000010)
    .ARM.Collect$$rtentry$$00000000          0x000004ac   Section        0  __rtentry.o(.ARM.Collect$$rtentry$$00000000)
    .ARM.Collect$$rtentry$$00000002          0x000004ac   Section        0  __rtentry2.o(.ARM.Collect$$rtentry$$00000002)
    .ARM.Collect$$rtentry$$00000004          0x000004ac   Section        6  __rtentry4.o(.ARM.Collect$$rtentry$$00000004)
    .ARM.Collect$$rtentry$$00000009          0x000004b2   Section        0  __rtentry2.o(.ARM.Collect$$rtentry$$00000009)
    .ARM.Collect$$rtentry$$0000000A          0x000004b2   Section        4  __rtentry2.o(.ARM.Collect$$rtentry$$0000000A)
    .ARM.Collect$$rtentry$$0000000C          0x000004b6   Section        0  __rtentry2.o(.ARM.Collect$$rtentry$$0000000C)
    .ARM.Collect$$rtentry$$0000000D          0x000004b6   Section        8  __rtentry2.o(.ARM.Collect$$rtentry$$0000000D)
    .ARM.Collect$$rtexit$$00000000           0x000004be   Section        2  rtexit.o(.ARM.Collect$$rtexit$$00000000)
    .ARM.Collect$$rtexit$$00000002           0x000004c0   Section        0  rtexit2.o(.ARM.Collect$$rtexit$$00000002)
    .ARM.Collect$$rtexit$$00000003           0x000004c0   Section        4  rtexit2.o(.ARM.Collect$$rtexit$$00000003)
    .ARM.Collect$$rtexit$$00000004           0x000004c4   Section        6  rtexit2.o(.ARM.Collect$$rtexit$$00000004)
    .text                                    0x000004cc   Section       72  startup_mk64f12.o(.text)
    $v0                                      0x000004cc   Number         0  startup_mk64f12.o(.text)
    .text                                    0x00000514   Section        0  strtok.o(.text)
    .text                                    0x00000520   Section        0  heapauxi.o(.text)
    .text                                    0x00000526   Section        0  strtof.o(.text)
    .text                                    0x00000540   Section        0  strtok_int.o(.text)
    .text                                    0x00000584   Section        0  strtod.o(.text)
    _local_sscanf                            0x00000585   Thumb Code    60  strtod.o(.text)
    .text                                    0x00000628   Section        0  strcspn.o(.text)
    .text                                    0x00000648   Section        0  strspn.o(.text)
    .text                                    0x00000664   Section       74  sys_stackheap_outer.o(.text)
    .text                                    0x000006ae   Section        0  _rserrno.o(.text)
    .text                                    0x000006c4   Section        0  isspace.o(.text)
    .text                                    0x000006d6   Section        0  _sgetc.o(.text)
    .text                                    0x00000716   Section        0  exit.o(.text)
    .text                                    0x00000728   Section        8  libspace.o(.text)
    .text                                    0x00000730   Section       16  rt_ctype_table.o(.text)
    .text                                    0x00000740   Section        8  rt_errno_addr_intlibspace.o(.text)
    .text                                    0x00000748   Section        0  scanf_fp.o(.text)
    _fp_value                                0x00000749   Thumb Code   588  scanf_fp.o(.text)
    .text                                    0x00000c40   Section      128  strcmpv7m.o(.text)
    .text                                    0x00000cc0   Section        8  rt_locale_intlibspace.o(.text)
    .text                                    0x00000cc8   Section        0  bigflt0.o(.text)
    .text                                    0x00000dac   Section        0  sys_exit.o(.text)
    .text                                    0x00000db8   Section        0  scanf_hexfp.o(.text)
    .text                                    0x000010d8   Section        0  scanf_infnan.o(.text)
    .text                                    0x0000120c   Section        2  use_no_semi.o(.text)
    .text                                    0x0000120e   Section       38  llshl.o(.text)
    .text                                    0x0000120e   Section        0  indicate_semi.o(.text)
    .text                                    0x00001234   Section        0  _chval.o(.text)
    CL$$btod_div_common                      0x00001250   Section      824  btod.o(CL$$btod_div_common)
    CL$$btod_e2d                             0x00001588   Section      132  btod.o(CL$$btod_e2d)
    CL$$btod_e2e                             0x0000160c   Section      220  btod.o(CL$$btod_e2e)
    CL$$btod_ediv                            0x000016e8   Section       42  btod.o(CL$$btod_ediv)
    CL$$btod_edivd                           0x00001712   Section       42  btod.o(CL$$btod_edivd)
    CL$$btod_emul                            0x0000173c   Section       42  btod.o(CL$$btod_emul)
    CL$$btod_emuld                           0x00001766   Section       42  btod.o(CL$$btod_emuld)
    CL$$btod_mult_common                     0x00001790   Section      580  btod.o(CL$$btod_mult_common)
    i.ADC0_IRQHandler                        0x000019d4   Section        0  main_car.o(i.ADC0_IRQHandler)
    i.FTM0_init                              0x000019e8   Section        0  pwm.o(i.FTM0_init)
    i.FTM0_set_duty_cycle                    0x00001a8c   Section        0  pwm.o(i.FTM0_set_duty_cycle)
    i.FTM2_IRQHandler                        0x00001ae0   Section        0  main_car.o(i.FTM2_IRQHandler)
    i.FTM3_init                              0x00001c08   Section        0  pwm.o(i.FTM3_init)
    i.FTM3_set_duty_cycle                    0x00001c68   Section        0  pwm.o(i.FTM3_set_duty_cycle)
    i.PIDSpeed                               0x00001d58   Section        0  main_car.o(i.PIDSpeed)
    i.PIT0_IRQHandler                        0x00001fac   Section        0  main_car.o(i.PIT0_IRQHandler)
    i.SystemInit                             0x00001ff0   Section        0  system_mk64f12.o(i.SystemInit)
    i.__NVIC_EnableIRQ                       0x00002090   Section        0  main_car.o(i.__NVIC_EnableIRQ)
    __NVIC_EnableIRQ                         0x00002091   Thumb Code    34  main_car.o(i.__NVIC_EnableIRQ)
    i.__hardfp___mathlib_tofloat             0x000020b8   Section        0  narrow.o(i.__hardfp___mathlib_tofloat)
    i.__hardfp_ldexp                         0x000021b0   Section        0  ldexp.o(i.__hardfp_ldexp)
    i.__hardfp_strtof                        0x00002280   Section        0  strtof.o(i.__hardfp_strtof)
    i.__mathlib_dbl_overflow                 0x000022a0   Section        0  dunder.o(i.__mathlib_dbl_overflow)
    i.__mathlib_dbl_underflow                0x000022c0   Section        0  dunder.o(i.__mathlib_dbl_underflow)
    i.__mathlib_narrow                       0x000022e0   Section        0  narrow.o(i.__mathlib_narrow)
    i.__support_ldexp                        0x000022f2   Section        0  ldexp.o(i.__support_ldexp)
    i._is_digit                              0x00002306   Section        0  scanf_fp.o(i._is_digit)
    i.bluetoothPID                           0x00002314   Section        0  main_car.o(i.bluetoothPID)
    i.edge_finder                            0x00002368   Section        0  main_car.o(i.edge_finder)
    i.en_motors                              0x000023e0   Section        0  pwm.o(i.en_motors)
    i.frexp                                  0x00002418   Section        0  frexp.o(i.frexp)
    i.init                                   0x000024a4   Section        0  main_car.o(i.init)
    i.init_ADC0                              0x000024b0   Section        0  main_car.o(i.init_ADC0)
    i.init_FTM2                              0x0000256c   Section        0  main_car.o(i.init_FTM2)
    i.init_GPIO                              0x00002618   Section        0  main_car.o(i.init_GPIO)
    i.init_PIT                               0x0000265c   Section        0  main_car.o(i.init_PIT)
    i.init_motors                            0x000026cc   Section        0  pwm.o(i.init_motors)
    i.line_averager                          0x000026dc   Section        0  main_car.o(i.line_averager)
    i.main                                   0x00002770   Section        0  main_car.o(i.main)
    i.maxedge                                0x00002940   Section        0  main_car.o(i.maxedge)
    i.maxsmooth                              0x00002988   Section        0  main_car.o(i.maxsmooth)
    i.minedge                                0x000029b0   Section        0  main_car.o(i.minedge)
    i.minsmooth                              0x000029f4   Section        0  main_car.o(i.minsmooth)
    i.uart0_put                              0x00002a1c   Section        0  main_car.o(i.uart0_put)
    i.uart0_putchar                          0x00002a34   Section        0  main_car.o(i.uart0_putchar)
    i.uart0_putnumU                          0x00002a4c   Section        0  main_car.o(i.uart0_putnumU)
    i.uart3_put                              0x00002ab0   Section        0  main_car.o(i.uart3_put)
    i.uart3_putchar                          0x00002ac8   Section        0  main_car.o(i.uart3_putchar)
    i.uart3_putnumU                          0x00002ae0   Section        0  main_car.o(i.uart3_putnumU)
    i.uart_init                              0x00002b44   Section        0  uart.o(i.uart_init)
    locale$$code                             0x00002c64   Section       44  lc_numeric_c.o(locale$$code)
    locale$$code                             0x00002c90   Section       44  lc_ctype_c.o(locale$$code)
    x$fpl$d2f                                0x00002cbc   Section       98  d2f.o(x$fpl$d2f)
    $v0                                      0x00002cbc   Number         0  d2f.o(x$fpl$d2f)
    x$fpl$dadd                               0x00002d20   Section      336  daddsub_clz.o(x$fpl$dadd)
    $v0                                      0x00002d20   Number         0  daddsub_clz.o(x$fpl$dadd)
    _dadd1                                   0x00002d31   Thumb Code     0  daddsub_clz.o(x$fpl$dadd)
    x$fpl$dcheck1                            0x00002e70   Section       16  dcheck1.o(x$fpl$dcheck1)
    $v0                                      0x00002e70   Number         0  dcheck1.o(x$fpl$dcheck1)
    x$fpl$dcmpinf                            0x00002e80   Section       24  dcmpi.o(x$fpl$dcmpinf)
    $v0                                      0x00002e80   Number         0  dcmpi.o(x$fpl$dcmpinf)
    x$fpl$ddiv                               0x00002e98   Section      688  ddiv.o(x$fpl$ddiv)
    $v0                                      0x00002e98   Number         0  ddiv.o(x$fpl$ddiv)
    ddiv_entry                               0x00002e9f   Thumb Code     0  ddiv.o(x$fpl$ddiv)
    x$fpl$deqf                               0x00003148   Section      120  deqf.o(x$fpl$deqf)
    $v0                                      0x00003148   Number         0  deqf.o(x$fpl$deqf)
    x$fpl$dfixu                              0x000031c0   Section       90  dfixu.o(x$fpl$dfixu)
    $v0                                      0x000031c0   Number         0  dfixu.o(x$fpl$dfixu)
    x$fpl$dflt                               0x0000321a   Section       46  dflt_clz.o(x$fpl$dflt)
    $v0                                      0x0000321a   Number         0  dflt_clz.o(x$fpl$dflt)
    x$fpl$dfltu                              0x00003248   Section       38  dflt_clz.o(x$fpl$dfltu)
    $v0                                      0x00003248   Number         0  dflt_clz.o(x$fpl$dfltu)
    x$fpl$dleqf                              0x00003270   Section      120  dleqf.o(x$fpl$dleqf)
    $v0                                      0x00003270   Number         0  dleqf.o(x$fpl$dleqf)
    x$fpl$dmul                               0x000032e8   Section      340  dmul.o(x$fpl$dmul)
    $v0                                      0x000032e8   Number         0  dmul.o(x$fpl$dmul)
    x$fpl$dnaninf                            0x0000343c   Section      156  dnaninf.o(x$fpl$dnaninf)
    $v0                                      0x0000343c   Number         0  dnaninf.o(x$fpl$dnaninf)
    x$fpl$dretinf                            0x000034d8   Section       12  dretinf.o(x$fpl$dretinf)
    $v0                                      0x000034d8   Number         0  dretinf.o(x$fpl$dretinf)
    x$fpl$drleqf                             0x000034e4   Section      108  drleqf.o(x$fpl$drleqf)
    $v0                                      0x000034e4   Number         0  drleqf.o(x$fpl$drleqf)
    x$fpl$dsub                               0x00003550   Section      468  daddsub_clz.o(x$fpl$dsub)
    $v0                                      0x00003550   Number         0  daddsub_clz.o(x$fpl$dsub)
    _dsub1                                   0x00003561   Thumb Code     0  daddsub_clz.o(x$fpl$dsub)
    x$fpl$f2d                                0x00003724   Section       86  f2d.o(x$fpl$f2d)
    $v0                                      0x00003724   Number         0  f2d.o(x$fpl$f2d)
    x$fpl$fnaninf                            0x0000377a   Section      140  fnaninf.o(x$fpl$fnaninf)
    $v0                                      0x0000377a   Number         0  fnaninf.o(x$fpl$fnaninf)
    x$fpl$fpinit                             0x00003806   Section       10  fpinit.o(x$fpl$fpinit)
    $v0                                      0x00003806   Number         0  fpinit.o(x$fpl$fpinit)
    x$fpl$fretinf                            0x00003810   Section       10  fretinf.o(x$fpl$fretinf)
    $v0                                      0x00003810   Number         0  fretinf.o(x$fpl$fretinf)
    x$fpl$ieeestatus                         0x0000381a   Section        6  istatus.o(x$fpl$ieeestatus)
    $v0                                      0x0000381a   Number         0  istatus.o(x$fpl$ieeestatus)
    x$fpl$retnan                             0x00003820   Section      100  retnan.o(x$fpl$retnan)
    $v0                                      0x00003820   Number         0  retnan.o(x$fpl$retnan)
    x$fpl$scalbn                             0x00003884   Section       92  scalbn.o(x$fpl$scalbn)
    $v0                                      0x00003884   Number         0  scalbn.o(x$fpl$scalbn)
    x$fpl$scanf1                             0x000038e0   Section        4  scanf1.o(x$fpl$scanf1)
    $v0                                      0x000038e0   Number         0  scanf1.o(x$fpl$scanf1)
    x$fpl$scanf2                             0x000038e4   Section        8  scanf2.o(x$fpl$scanf2)
    $v0                                      0x000038e4   Number         0  scanf2.o(x$fpl$scanf2)
    x$fpl$trapveneer                         0x000038ec   Section       48  trapv.o(x$fpl$trapveneer)
    $v0                                      0x000038ec   Number         0  trapv.o(x$fpl$trapveneer)
    .constdata                               0x0000391c   Section      148  bigflt0.o(.constdata)
    x$fpl$usenofp                            0x0000391c   Section        0  usenofp.o(x$fpl$usenofp)
    tenpwrs_x                                0x0000391c   Data          60  bigflt0.o(.constdata)
    tenpwrs_i                                0x00003958   Data          64  bigflt0.o(.constdata)
    c$$dinf                                  0x000039d0   Section        8  fpconst.o(c$$dinf)
    c$$dmax                                  0x000039d8   Section        8  fpconst.o(c$$dmax)
    locale$$data                             0x000039e0   Section       28  lc_numeric_c.o(locale$$data)
    __lcnum_c_name                           0x000039e4   Data           2  lc_numeric_c.o(locale$$data)
    __lcnum_c_start                          0x000039ec   Data           0  lc_numeric_c.o(locale$$data)
    __lcnum_c_point                          0x000039f8   Data           0  lc_numeric_c.o(locale$$data)
    __lcnum_c_thousands                      0x000039fa   Data           0  lc_numeric_c.o(locale$$data)
    __lcnum_c_grouping                       0x000039fb   Data           0  lc_numeric_c.o(locale$$data)
    locale$$data                             0x000039fc   Section      272  lc_ctype_c.o(locale$$data)
    __lcnum_c_end                            0x000039fc   Data           0  lc_numeric_c.o(locale$$data)
    __lcctype_c_name                         0x00003a00   Data           2  lc_ctype_c.o(locale$$data)
    __lcctype_c_start                        0x00003a08   Data           0  lc_ctype_c.o(locale$$data)
    __lcctype_c_end                          0x00003b0c   Data           0  lc_ctype_c.o(locale$$data)
    .data                                    0x20000000   Section      100  main_car.o(.data)
    .data                                    0x20000064   Section        4  strtok.o(.data)
    _strtok_saves1                           0x20000064   Data           4  strtok.o(.data)
    .bss                                     0x20000068   Section     1124  main_car.o(.bss)
    .bss                                     0x200004cc   Section       96  libspace.o(.bss)
    HEAP                                     0x20000530   Section        0  startup_mk64f12.o(HEAP)
    STACK                                    0x20000530   Section     1024  startup_mk64f12.o(STACK)
    Heap_Mem                                 0x20000530   Data           0  startup_mk64f12.o(HEAP)
    Stack_Mem                                0x20000530   Data        1024  startup_mk64f12.o(STACK)
    __initial_sp                             0x20000930   Data           0  startup_mk64f12.o(STACK)

    Global Symbols

    Symbol Name                              Value     Ov Type        Size  Object(Section)

    BuildAttributes$$THM_ISAv4$E$P$D$K$B$S$7EM$VFPi3$EXTD16$VFPS$VFMA$PE$A:L22UL41UL21$X:L11$S22US41US21$IEEE1$IW$USESV6$~STKCKD$USESV7$~SHL$OTIME$ROPI$IEEEX$EBA8$UX$STANDARDLIB$REQ8$PRES8$EABIv2 0x00000000   Number         0  anon$$obj.o ABSOLUTE
    __ARM_use_no_argv                        0x00000000   Number         0  main_car.o ABSOLUTE
    __Vectors                                0x00000000   Data           4  startup_mk64f12.o(RESET)
    __ARM_exceptions_init                     - Undefined Weak Reference
    __alloca_initialize                       - Undefined Weak Reference
    __arm_preinit_                            - Undefined Weak Reference
    __cpp_initialize__aeabi_                  - Undefined Weak Reference
    __cxa_finalize                            - Undefined Weak Reference
    __sigvec_lookup                           - Undefined Weak Reference
    _atexit_init                              - Undefined Weak Reference
    _call_atexit_fns                          - Undefined Weak Reference
    _clock_init                               - Undefined Weak Reference
    _fp_trap_init                             - Undefined Weak Reference
    _fp_trap_shutdown                         - Undefined Weak Reference
    _get_lc_collate                           - Undefined Weak Reference
    _get_lc_monetary                          - Undefined Weak Reference
    _get_lc_time                              - Undefined Weak Reference
    _getenv_init                              - Undefined Weak Reference
    _handle_redirection                       - Undefined Weak Reference
    _init_alloc                               - Undefined Weak Reference
    _init_user_alloc                          - Undefined Weak Reference
    _initio                                   - Undefined Weak Reference
    _rand_init                                - Undefined Weak Reference
    _signal_finish                            - Undefined Weak Reference
    _signal_init                              - Undefined Weak Reference
    _terminate_alloc                          - Undefined Weak Reference
    _terminate_user_alloc                     - Undefined Weak Reference
    _terminateio                              - Undefined Weak Reference
    __Vectors_End                            0x00000400   Data           0  startup_mk64f12.o(RESET)
    __Vectors_Size                           0x00000400   Number         0  startup_mk64f12.o ABSOLUTE
    __main                                   0x00000411   Thumb Code     8  __main.o(!!!main)
    __scatterload                            0x00000419   Thumb Code     0  __scatter.o(!!!scatter)
    __scatterload_rt2                        0x00000419   Thumb Code    44  __scatter.o(!!!scatter)
    __scatterload_rt2_thumb_only             0x00000419   Thumb Code     0  __scatter.o(!!!scatter)
    __scatterload_null                       0x00000427   Thumb Code     0  __scatter.o(!!!scatter)
    __scatterload_copy                       0x0000044d   Thumb Code    26  __scatter_copy.o(!!handler_copy)
    __scatterload_zeroinit                   0x00000469   Thumb Code    28  __scatter_zi.o(!!handler_zi)
    __rt_lib_init                            0x00000485   Thumb Code     0  libinit.o(.ARM.Collect$$libinit$$00000000)
    __rt_lib_init_fp_1                       0x00000487   Thumb Code     0  libinit2.o(.ARM.Collect$$libinit$$00000001)
    __rt_lib_init_heap_1                     0x0000048b   Thumb Code     0  libinit2.o(.ARM.Collect$$libinit$$0000000A)
    __rt_lib_init_lc_common                  0x0000048b   Thumb Code     0  libinit2.o(.ARM.Collect$$libinit$$0000000F)
    __rt_lib_init_preinit_1                  0x0000048b   Thumb Code     0  libinit2.o(.ARM.Collect$$libinit$$00000004)
    __rt_lib_init_rand_1                     0x0000048b   Thumb Code     0  libinit2.o(.ARM.Collect$$libinit$$0000000E)
    __rt_lib_init_user_alloc_1               0x0000048b   Thumb Code     0  libinit2.o(.ARM.Collect$$libinit$$0000000C)
    __rt_lib_init_lc_collate_1               0x00000491   Thumb Code     0  libinit2.o(.ARM.Collect$$libinit$$00000011)
    __rt_lib_init_lc_ctype_2                 0x00000491   Thumb Code     0  libinit2.o(.ARM.Collect$$libinit$$00000012)
    __rt_lib_init_lc_ctype_1                 0x0000049d   Thumb Code     0  libinit2.o(.ARM.Collect$$libinit$$00000013)
    __rt_lib_init_lc_monetary_1              0x0000049d   Thumb Code     0  libinit2.o(.ARM.Collect$$libinit$$00000015)
    __rt_lib_init_lc_numeric_2               0x0000049d   Thumb Code     0  libinit2.o(.ARM.Collect$$libinit$$00000016)
    __rt_lib_init_alloca_1                   0x000004a7   Thumb Code     0  libinit2.o(.ARM.Collect$$libinit$$0000002E)
    __rt_lib_init_argv_1                     0x000004a7   Thumb Code     0  libinit2.o(.ARM.Collect$$libinit$$0000002C)
    __rt_lib_init_atexit_1                   0x000004a7   Thumb Code     0  libinit2.o(.ARM.Collect$$libinit$$0000001B)
    __rt_lib_init_clock_1                    0x000004a7   Thumb Code     0  libinit2.o(.ARM.Collect$$libinit$$00000021)
    __rt_lib_init_cpp_1                      0x000004a7   Thumb Code     0  libinit2.o(.ARM.Collect$$libinit$$00000032)
    __rt_lib_init_exceptions_1               0x000004a7   Thumb Code     0  libinit2.o(.ARM.Collect$$libinit$$00000030)
    __rt_lib_init_fp_trap_1                  0x000004a7   Thumb Code     0  libinit2.o(.ARM.Collect$$libinit$$0000001F)
    __rt_lib_init_getenv_1                   0x000004a7   Thumb Code     0  libinit2.o(.ARM.Collect$$libinit$$00000023)
    __rt_lib_init_lc_numeric_1               0x000004a7   Thumb Code     0  libinit2.o(.ARM.Collect$$libinit$$00000017)
    __rt_lib_init_lc_time_1                  0x000004a7   Thumb Code     0  libinit2.o(.ARM.Collect$$libinit$$00000019)
    __rt_lib_init_return                     0x000004a7   Thumb Code     0  libinit2.o(.ARM.Collect$$libinit$$00000033)
    __rt_lib_init_signal_1                   0x000004a7   Thumb Code     0  libinit2.o(.ARM.Collect$$libinit$$0000001D)
    __rt_lib_init_stdio_1                    0x000004a7   Thumb Code     0  libinit2.o(.ARM.Collect$$libinit$$00000025)
    __rt_lib_shutdown                        0x000004a9   Thumb Code     0  libshutdown.o(.ARM.Collect$$libshutdown$$00000000)
    __rt_lib_shutdown_cpp_1                  0x000004ab   Thumb Code     0  libshutdown2.o(.ARM.Collect$$libshutdown$$00000002)
    __rt_lib_shutdown_fp_trap_1              0x000004ab   Thumb Code     0  libshutdown2.o(.ARM.Collect$$libshutdown$$00000007)
    __rt_lib_shutdown_heap_1                 0x000004ab   Thumb Code     0  libshutdown2.o(.ARM.Collect$$libshutdown$$0000000F)
    __rt_lib_shutdown_return                 0x000004ab   Thumb Code     0  libshutdown2.o(.ARM.Collect$$libshutdown$$00000010)
    __rt_lib_shutdown_signal_1               0x000004ab   Thumb Code     0  libshutdown2.o(.ARM.Collect$$libshutdown$$0000000A)
    __rt_lib_shutdown_stdio_1                0x000004ab   Thumb Code     0  libshutdown2.o(.ARM.Collect$$libshutdown$$00000004)
    __rt_lib_shutdown_user_alloc_1           0x000004ab   Thumb Code     0  libshutdown2.o(.ARM.Collect$$libshutdown$$0000000C)
    __rt_entry                               0x000004ad   Thumb Code     0  __rtentry.o(.ARM.Collect$$rtentry$$00000000)
    __rt_entry_presh_1                       0x000004ad   Thumb Code     0  __rtentry2.o(.ARM.Collect$$rtentry$$00000002)
    __rt_entry_sh                            0x000004ad   Thumb Code     0  __rtentry4.o(.ARM.Collect$$rtentry$$00000004)
    __rt_entry_li                            0x000004b3   Thumb Code     0  __rtentry2.o(.ARM.Collect$$rtentry$$0000000A)
    __rt_entry_postsh_1                      0x000004b3   Thumb Code     0  __rtentry2.o(.ARM.Collect$$rtentry$$00000009)
    __rt_entry_main                          0x000004b7   Thumb Code     0  __rtentry2.o(.ARM.Collect$$rtentry$$0000000D)
    __rt_entry_postli_1                      0x000004b7   Thumb Code     0  __rtentry2.o(.ARM.Collect$$rtentry$$0000000C)
    __rt_exit                                0x000004bf   Thumb Code     0  rtexit.o(.ARM.Collect$$rtexit$$00000000)
    __rt_exit_ls                             0x000004c1   Thumb Code     0  rtexit2.o(.ARM.Collect$$rtexit$$00000003)
    __rt_exit_prels_1                        0x000004c1   Thumb Code     0  rtexit2.o(.ARM.Collect$$rtexit$$00000002)
    __rt_exit_exit                           0x000004c5   Thumb Code     0  rtexit2.o(.ARM.Collect$$rtexit$$00000004)
    init_data_bss                            0x000004cd   Thumb Code     2  startup_mk64f12.o(.text)
    Reset_Handler                            0x000004cf   Thumb Code    12  startup_mk64f12.o(.text)
    NMI_Handler                              0x000004db   Thumb Code     2  startup_mk64f12.o(.text)
    HardFault_Handler                        0x000004dd   Thumb Code     2  startup_mk64f12.o(.text)
    MemManage_Handler                        0x000004df   Thumb Code     2  startup_mk64f12.o(.text)
    BusFault_Handler                         0x000004e1   Thumb Code     2  startup_mk64f12.o(.text)
    UsageFault_Handler                       0x000004e3   Thumb Code     2  startup_mk64f12.o(.text)
    SVC_Handler                              0x000004e5   Thumb Code     2  startup_mk64f12.o(.text)
    DebugMon_Handler                         0x000004e7   Thumb Code     2  startup_mk64f12.o(.text)
    PendSV_Handler                           0x000004e9   Thumb Code     2  startup_mk64f12.o(.text)
    SysTick_Handler                          0x000004eb   Thumb Code     2  startup_mk64f12.o(.text)
    ADC1_IRQHandler                          0x000004ed   Thumb Code     0  startup_mk64f12.o(.text)
    CAN0_Bus_Off_IRQHandler                  0x000004ed   Thumb Code     0  startup_mk64f12.o(.text)
    CAN0_Error_IRQHandler                    0x000004ed   Thumb Code     0  startup_mk64f12.o(.text)
    CAN0_ORed_Message_buffer_IRQHandler      0x000004ed   Thumb Code     0  startup_mk64f12.o(.text)
    CAN0_Rx_Warning_IRQHandler               0x000004ed   Thumb Code     0  startup_mk64f12.o(.text)
    CAN0_Tx_Warning_IRQHandler               0x000004ed   Thumb Code     0  startup_mk64f12.o(.text)
    CAN0_Wake_Up_IRQHandler                  0x000004ed   Thumb Code     0  startup_mk64f12.o(.text)
    CMP0_IRQHandler                          0x000004ed   Thumb Code     0  startup_mk64f12.o(.text)
    CMP1_IRQHandler                          0x000004ed   Thumb Code     0  startup_mk64f12.o(.text)
    CMP2_IRQHandler                          0x000004ed   Thumb Code     0  startup_mk64f12.o(.text)
    CMT_IRQHandler                           0x000004ed   Thumb Code     0  startup_mk64f12.o(.text)
    DAC0_IRQHandler                          0x000004ed   Thumb Code     0  startup_mk64f12.o(.text)
    DAC1_IRQHandler                          0x000004ed   Thumb Code     0  startup_mk64f12.o(.text)
    DMA0_IRQHandler                          0x000004ed   Thumb Code     0  startup_mk64f12.o(.text)
    DMA10_IRQHandler                         0x000004ed   Thumb Code     0  startup_mk64f12.o(.text)
    DMA11_IRQHandler                         0x000004ed   Thumb Code     0  startup_mk64f12.o(.text)
    DMA12_IRQHandler                         0x000004ed   Thumb Code     0  startup_mk64f12.o(.text)
    DMA13_IRQHandler                         0x000004ed   Thumb Code     0  startup_mk64f12.o(.text)
    DMA14_IRQHandler                         0x000004ed   Thumb Code     0  startup_mk64f12.o(.text)
    DMA15_IRQHandler                         0x000004ed   Thumb Code     0  startup_mk64f12.o(.text)
    DMA1_IRQHandler                          0x000004ed   Thumb Code     0  startup_mk64f12.o(.text)
    DMA2_IRQHandler                          0x000004ed   Thumb Code     0  startup_mk64f12.o(.text)
    DMA3_IRQHandler                          0x000004ed   Thumb Code     0  startup_mk64f12.o(.text)
    DMA4_IRQHandler                          0x000004ed   Thumb Code     0  startup_mk64f12.o(.text)
    DMA5_IRQHandler                          0x000004ed   Thumb Code     0  startup_mk64f12.o(.text)
    DMA6_IRQHandler                          0x000004ed   Thumb Code     0  startup_mk64f12.o(.text)
    DMA7_IRQHandler                          0x000004ed   Thumb Code     0  startup_mk64f12.o(.text)
    DMA8_IRQHandler                          0x000004ed   Thumb Code     0  startup_mk64f12.o(.text)
    DMA9_IRQHandler                          0x000004ed   Thumb Code     0  startup_mk64f12.o(.text)
    DMA_Error_IRQHandler                     0x000004ed   Thumb Code     0  startup_mk64f12.o(.text)
    DefaultISR                               0x000004ed   Thumb Code     0  startup_mk64f12.o(.text)
    ENET_1588_Timer_IRQHandler               0x000004ed   Thumb Code     0  startup_mk64f12.o(.text)
    ENET_Error_IRQHandler                    0x000004ed   Thumb Code     0  startup_mk64f12.o(.text)
    ENET_Receive_IRQHandler                  0x000004ed   Thumb Code     0  startup_mk64f12.o(.text)
    ENET_Transmit_IRQHandler                 0x000004ed   Thumb Code     0  startup_mk64f12.o(.text)
    FTFE_IRQHandler                          0x000004ed   Thumb Code     0  startup_mk64f12.o(.text)
    FTM0_IRQHandler                          0x000004ed   Thumb Code     0  startup_mk64f12.o(.text)
    FTM1_IRQHandler                          0x000004ed   Thumb Code     0  startup_mk64f12.o(.text)
    FTM3_IRQHandler                          0x000004ed   Thumb Code     0  startup_mk64f12.o(.text)
    I2C0_IRQHandler                          0x000004ed   Thumb Code     0  startup_mk64f12.o(.text)
    I2C1_IRQHandler                          0x000004ed   Thumb Code     0  startup_mk64f12.o(.text)
    I2C2_IRQHandler                          0x000004ed   Thumb Code     0  startup_mk64f12.o(.text)
    I2S0_Rx_IRQHandler                       0x000004ed   Thumb Code     0  startup_mk64f12.o(.text)
    I2S0_Tx_IRQHandler                       0x000004ed   Thumb Code     0  startup_mk64f12.o(.text)
    LLW_IRQHandler                           0x000004ed   Thumb Code     0  startup_mk64f12.o(.text)
    LPTimer_IRQHandler                       0x000004ed   Thumb Code     0  startup_mk64f12.o(.text)
    LVD_LVW_IRQHandler                       0x000004ed   Thumb Code     0  startup_mk64f12.o(.text)
    MCG_IRQHandler                           0x000004ed   Thumb Code     0  startup_mk64f12.o(.text)
    MCM_IRQHandler                           0x000004ed   Thumb Code     0  startup_mk64f12.o(.text)
    PDB0_IRQHandler                          0x000004ed   Thumb Code     0  startup_mk64f12.o(.text)
    PIT1_IRQHandler                          0x000004ed   Thumb Code     0  startup_mk64f12.o(.text)
    PIT2_IRQHandler                          0x000004ed   Thumb Code     0  startup_mk64f12.o(.text)
    PIT3_IRQHandler                          0x000004ed   Thumb Code     0  startup_mk64f12.o(.text)
    PORTA_IRQHandler                         0x000004ed   Thumb Code     0  startup_mk64f12.o(.text)
    PORTB_IRQHandler                         0x000004ed   Thumb Code     0  startup_mk64f12.o(.text)
    PORTC_IRQHandler                         0x000004ed   Thumb Code     0  startup_mk64f12.o(.text)
    PORTD_IRQHandler                         0x000004ed   Thumb Code     0  startup_mk64f12.o(.text)
    PORTE_IRQHandler                         0x000004ed   Thumb Code     0  startup_mk64f12.o(.text)
    RNG_IRQHandler                           0x000004ed   Thumb Code     0  startup_mk64f12.o(.text)
    RTC_IRQHandler                           0x000004ed   Thumb Code     0  startup_mk64f12.o(.text)
    RTC_Seconds_IRQHandler                   0x000004ed   Thumb Code     0  startup_mk64f12.o(.text)
    Read_Collision_IRQHandler                0x000004ed   Thumb Code     0  startup_mk64f12.o(.text)
    Reserved71_IRQHandler                    0x000004ed   Thumb Code     0  startup_mk64f12.o(.text)
    SDHC_IRQHandler                          0x000004ed   Thumb Code     0  startup_mk64f12.o(.text)
    SPI0_IRQHandler                          0x000004ed   Thumb Code     0  startup_mk64f12.o(.text)
    SPI1_IRQHandler                          0x000004ed   Thumb Code     0  startup_mk64f12.o(.text)
    SPI2_IRQHandler                          0x000004ed   Thumb Code     0  startup_mk64f12.o(.text)
    SWI_IRQHandler                           0x000004ed   Thumb Code     0  startup_mk64f12.o(.text)
    UART0_ERR_IRQHandler                     0x000004ed   Thumb Code     0  startup_mk64f12.o(.text)
    UART0_LON_IRQHandler                     0x000004ed   Thumb Code     0  startup_mk64f12.o(.text)
    UART0_RX_TX_IRQHandler                   0x000004ed   Thumb Code     0  startup_mk64f12.o(.text)
    UART1_ERR_IRQHandler                     0x000004ed   Thumb Code     0  startup_mk64f12.o(.text)
    UART1_RX_TX_IRQHandler                   0x000004ed   Thumb Code     0  startup_mk64f12.o(.text)
    UART2_ERR_IRQHandler                     0x000004ed   Thumb Code     0  startup_mk64f12.o(.text)
    UART2_RX_TX_IRQHandler                   0x000004ed   Thumb Code     0  startup_mk64f12.o(.text)
    UART3_ERR_IRQHandler                     0x000004ed   Thumb Code     0  startup_mk64f12.o(.text)
    UART3_RX_TX_IRQHandler                   0x000004ed   Thumb Code     0  startup_mk64f12.o(.text)
    UART4_ERR_IRQHandler                     0x000004ed   Thumb Code     0  startup_mk64f12.o(.text)
    UART4_RX_TX_IRQHandler                   0x000004ed   Thumb Code     0  startup_mk64f12.o(.text)
    UART5_ERR_IRQHandler                     0x000004ed   Thumb Code     0  startup_mk64f12.o(.text)
    UART5_RX_TX_IRQHandler                   0x000004ed   Thumb Code     0  startup_mk64f12.o(.text)
    USB0_IRQHandler                          0x000004ed   Thumb Code     0  startup_mk64f12.o(.text)
    USBDCD_IRQHandler                        0x000004ed   Thumb Code     0  startup_mk64f12.o(.text)
    Watchdog_IRQHandler                      0x000004ed   Thumb Code     0  startup_mk64f12.o(.text)
    __user_initial_stackheap                 0x000004f1   Thumb Code     0  startup_mk64f12.o(.text)
    strtok                                   0x00000515   Thumb Code     6  strtok.o(.text)
    __use_two_region_memory                  0x00000521   Thumb Code     2  heapauxi.o(.text)
    __rt_heap_escrow$2region                 0x00000523   Thumb Code     2  heapauxi.o(.text)
    __rt_heap_expand$2region                 0x00000525   Thumb Code     2  heapauxi.o(.text)
    __strtof_int                             0x00000527   Thumb Code    26  strtof.o(.text)
    __strtok_internal                        0x00000541   Thumb Code    64  strtok_int.o(.text)
    __strtod_int                             0x000005c1   Thumb Code    90  strtod.o(.text)
    strcspn                                  0x00000629   Thumb Code    32  strcspn.o(.text)
    strspn                                   0x00000649   Thumb Code    28  strspn.o(.text)
    __user_setup_stackheap                   0x00000665   Thumb Code    74  sys_stackheap_outer.o(.text)
    __read_errno                             0x000006af   Thumb Code    10  _rserrno.o(.text)
    __set_errno                              0x000006b9   Thumb Code    12  _rserrno.o(.text)
    isspace                                  0x000006c5   Thumb Code    18  isspace.o(.text)
    _sgetc                                   0x000006d7   Thumb Code    30  _sgetc.o(.text)
    _sbackspace                              0x000006f5   Thumb Code    34  _sgetc.o(.text)
    exit                                     0x00000717   Thumb Code    18  exit.o(.text)
    __user_libspace                          0x00000729   Thumb Code     8  libspace.o(.text)
    __user_perproc_libspace                  0x00000729   Thumb Code     0  libspace.o(.text)
    __user_perthread_libspace                0x00000729   Thumb Code     0  libspace.o(.text)
    __rt_ctype_table                         0x00000731   Thumb Code    16  rt_ctype_table.o(.text)
    __aeabi_errno_addr                       0x00000741   Thumb Code     8  rt_errno_addr_intlibspace.o(.text)
    __errno$intlibspace                      0x00000741   Thumb Code     0  rt_errno_addr_intlibspace.o(.text)
    __rt_errno_addr$intlibspace              0x00000741   Thumb Code     0  rt_errno_addr_intlibspace.o(.text)
    _scanf_really_real                       0x00000995   Thumb Code   684  scanf_fp.o(.text)
    strcmp                                   0x00000c41   Thumb Code   128  strcmpv7m.o(.text)
    __rt_locale                              0x00000cc1   Thumb Code     8  rt_locale_intlibspace.o(.text)
    _btod_etento                             0x00000cc9   Thumb Code   224  bigflt0.o(.text)
    _sys_exit                                0x00000dad   Thumb Code     8  sys_exit.o(.text)
    _scanf_really_hex_real                   0x00000db9   Thumb Code   786  scanf_hexfp.o(.text)
    _scanf_really_infnan                     0x000010d9   Thumb Code   292  scanf_infnan.o(.text)
    __I$use$semihosting                      0x0000120d   Thumb Code     0  use_no_semi.o(.text)
    __use_no_semihosting_swi                 0x0000120d   Thumb Code     2  use_no_semi.o(.text)
    __aeabi_llsl                             0x0000120f   Thumb Code     0  llshl.o(.text)
    __semihosting_library_function           0x0000120f   Thumb Code     0  indicate_semi.o(.text)
    _ll_shift_l                              0x0000120f   Thumb Code    38  llshl.o(.text)
    _chval                                   0x00001235   Thumb Code    28  _chval.o(.text)
    __btod_div_common                        0x00001251   Thumb Code   696  btod.o(CL$$btod_div_common)
    _e2d                                     0x00001589   Thumb Code   122  btod.o(CL$$btod_e2d)
    _e2e                                     0x0000160d   Thumb Code   220  btod.o(CL$$btod_e2e)
    _btod_ediv                               0x000016e9   Thumb Code    42  btod.o(CL$$btod_ediv)
    _btod_edivd                              0x00001713   Thumb Code    42  btod.o(CL$$btod_edivd)
    _btod_emul                               0x0000173d   Thumb Code    42  btod.o(CL$$btod_emul)
    _btod_emuld                              0x00001767   Thumb Code    42  btod.o(CL$$btod_emuld)
    __btod_mult_common                       0x00001791   Thumb Code   580  btod.o(CL$$btod_mult_common)
    ADC0_IRQHandler                          0x000019d5   Thumb Code    10  main_car.o(i.ADC0_IRQHandler)
    FTM0_init                                0x000019e9   Thumb Code   150  pwm.o(i.FTM0_init)
    FTM0_set_duty_cycle                      0x00001a8d   Thumb Code    76  pwm.o(i.FTM0_set_duty_cycle)
    FTM2_IRQHandler                          0x00001ae1   Thumb Code   256  main_car.o(i.FTM2_IRQHandler)
    FTM3_init                                0x00001c09   Thumb Code    82  pwm.o(i.FTM3_init)
    FTM3_set_duty_cycle                      0x00001c69   Thumb Code   190  pwm.o(i.FTM3_set_duty_cycle)
    PIDSpeed                                 0x00001d59   Thumb Code   570  main_car.o(i.PIDSpeed)
    PIT0_IRQHandler                          0x00001fad   Thumb Code    50  main_car.o(i.PIT0_IRQHandler)
    SystemInit                               0x00001ff1   Thumb Code   136  system_mk64f12.o(i.SystemInit)
    __hardfp___mathlib_tofloat               0x000020b9   Thumb Code   232  narrow.o(i.__hardfp___mathlib_tofloat)
    __hardfp_ldexp                           0x000021b1   Thumb Code   200  ldexp.o(i.__hardfp_ldexp)
    __hardfp_strtof                          0x00002281   Thumb Code    26  strtof.o(i.__hardfp_strtof)
    __mathlib_dbl_overflow                   0x000022a1   Thumb Code    24  dunder.o(i.__mathlib_dbl_overflow)
    __mathlib_dbl_underflow                  0x000022c1   Thumb Code    24  dunder.o(i.__mathlib_dbl_underflow)
    __mathlib_narrow                         0x000022e1   Thumb Code    18  narrow.o(i.__mathlib_narrow)
    __support_ldexp                          0x000022f3   Thumb Code    20  ldexp.o(i.__support_ldexp)
    _is_digit                                0x00002307   Thumb Code    14  scanf_fp.o(i._is_digit)
    bluetoothPID                             0x00002315   Thumb Code    72  main_car.o(i.bluetoothPID)
    edge_finder                              0x00002369   Thumb Code   104  main_car.o(i.edge_finder)
    en_motors                                0x000023e1   Thumb Code    44  pwm.o(i.en_motors)
    frexp                                    0x00002419   Thumb Code   118  frexp.o(i.frexp)
    init                                     0x000024a5   Thumb Code    12  main_car.o(i.init)
    init_ADC0                                0x000024b1   Thumb Code   180  main_car.o(i.init_ADC0)
    init_FTM2                                0x0000256d   Thumb Code   162  main_car.o(i.init_FTM2)
    init_GPIO                                0x00002619   Thumb Code    52  main_car.o(i.init_GPIO)
    init_PIT                                 0x0000265d   Thumb Code    94  main_car.o(i.init_PIT)
    init_motors                              0x000026cd   Thumb Code    16  pwm.o(i.init_motors)
    line_averager                            0x000026dd   Thumb Code   132  main_car.o(i.line_averager)
    main                                     0x00002771   Thumb Code   374  main_car.o(i.main)
    maxedge                                  0x00002941   Thumb Code    66  main_car.o(i.maxedge)
    maxsmooth                                0x00002989   Thumb Code    34  main_car.o(i.maxsmooth)
    minedge                                  0x000029b1   Thumb Code    60  main_car.o(i.minedge)
    minsmooth                                0x000029f5   Thumb Code    34  main_car.o(i.minsmooth)
    uart0_put                                0x00002a1d   Thumb Code    22  main_car.o(i.uart0_put)
    uart0_putchar                            0x00002a35   Thumb Code    20  main_car.o(i.uart0_putchar)
    uart0_putnumU                            0x00002a4d   Thumb Code    90  main_car.o(i.uart0_putnumU)
    uart3_put                                0x00002ab1   Thumb Code    22  main_car.o(i.uart3_put)
    uart3_putchar                            0x00002ac9   Thumb Code    20  main_car.o(i.uart3_putchar)
    uart3_putnumU                            0x00002ae1   Thumb Code    90  main_car.o(i.uart3_putnumU)
    uart_init                                0x00002b45   Thumb Code   270  uart.o(i.uart_init)
    _get_lc_numeric                          0x00002c65   Thumb Code    44  lc_numeric_c.o(locale$$code)
    _get_lc_ctype                            0x00002c91   Thumb Code    44  lc_ctype_c.o(locale$$code)
    __aeabi_d2f                              0x00002cbd   Thumb Code     0  d2f.o(x$fpl$d2f)
    _d2f                                     0x00002cbd   Thumb Code    98  d2f.o(x$fpl$d2f)
    __aeabi_dadd                             0x00002d21   Thumb Code     0  daddsub_clz.o(x$fpl$dadd)
    _dadd                                    0x00002d21   Thumb Code   332  daddsub_clz.o(x$fpl$dadd)
    __fpl_dcheck_NaN1                        0x00002e71   Thumb Code    10  dcheck1.o(x$fpl$dcheck1)
    __fpl_dcmp_Inf                           0x00002e81   Thumb Code    24  dcmpi.o(x$fpl$dcmpinf)
    __aeabi_ddiv                             0x00002e99   Thumb Code     0  ddiv.o(x$fpl$ddiv)
    _ddiv                                    0x00002e99   Thumb Code   552  ddiv.o(x$fpl$ddiv)
    __aeabi_cdcmpeq                          0x00003149   Thumb Code     0  deqf.o(x$fpl$deqf)
    _dcmpeq                                  0x00003149   Thumb Code   120  deqf.o(x$fpl$deqf)
    __aeabi_d2uiz                            0x000031c1   Thumb Code     0  dfixu.o(x$fpl$dfixu)
    _dfixu                                   0x000031c1   Thumb Code    90  dfixu.o(x$fpl$dfixu)
    __aeabi_i2d                              0x0000321b   Thumb Code     0  dflt_clz.o(x$fpl$dflt)
    _dflt                                    0x0000321b   Thumb Code    46  dflt_clz.o(x$fpl$dflt)
    __aeabi_ui2d                             0x00003249   Thumb Code     0  dflt_clz.o(x$fpl$dfltu)
    _dfltu                                   0x00003249   Thumb Code    38  dflt_clz.o(x$fpl$dfltu)
    __aeabi_cdcmple                          0x00003271   Thumb Code     0  dleqf.o(x$fpl$dleqf)
    _dcmple                                  0x00003271   Thumb Code   120  dleqf.o(x$fpl$dleqf)
    __fpl_dcmple_InfNaN                      0x000032d3   Thumb Code     0  dleqf.o(x$fpl$dleqf)
    __aeabi_dmul                             0x000032e9   Thumb Code     0  dmul.o(x$fpl$dmul)
    _dmul                                    0x000032e9   Thumb Code   332  dmul.o(x$fpl$dmul)
    __fpl_dnaninf                            0x0000343d   Thumb Code   156  dnaninf.o(x$fpl$dnaninf)
    __fpl_dretinf                            0x000034d9   Thumb Code    12  dretinf.o(x$fpl$dretinf)
    __aeabi_cdrcmple                         0x000034e5   Thumb Code     0  drleqf.o(x$fpl$drleqf)
    _drcmple                                 0x000034e5   Thumb Code   108  drleqf.o(x$fpl$drleqf)
    __aeabi_dsub                             0x00003551   Thumb Code     0  daddsub_clz.o(x$fpl$dsub)
    _dsub                                    0x00003551   Thumb Code   464  daddsub_clz.o(x$fpl$dsub)
    __aeabi_f2d                              0x00003725   Thumb Code     0  f2d.o(x$fpl$f2d)
    _f2d                                     0x00003725   Thumb Code    86  f2d.o(x$fpl$f2d)
    __fpl_fnaninf                            0x0000377b   Thumb Code   140  fnaninf.o(x$fpl$fnaninf)
    _fp_init                                 0x00003807   Thumb Code    10  fpinit.o(x$fpl$fpinit)
    __fplib_config_fpu_vfp                   0x0000380f   Thumb Code     0  fpinit.o(x$fpl$fpinit)
    __fplib_config_pureend_doubles           0x0000380f   Thumb Code     0  fpinit.o(x$fpl$fpinit)
    __fpl_fretinf                            0x00003811   Thumb Code    10  fretinf.o(x$fpl$fretinf)
    __ieee_status                            0x0000381b   Thumb Code     6  istatus.o(x$fpl$ieeestatus)
    __fpl_return_NaN                         0x00003821   Thumb Code   100  retnan.o(x$fpl$retnan)
    __ARM_scalbn                             0x00003885   Thumb Code    92  scalbn.o(x$fpl$scalbn)
    _scanf_real                              0x000038e1   Thumb Code     4  scanf1.o(x$fpl$scanf1)
    _scanf_hex_real                          0x000038e5   Thumb Code     4  scanf2.o(x$fpl$scanf2)
    _scanf_infnan                            0x000038e9   Thumb Code     4  scanf2.o(x$fpl$scanf2)
    __fpl_cmpreturn                          0x000038ed   Thumb Code    48  trapv.o(x$fpl$trapveneer)
    __I$use$fp                               0x0000391c   Number         0  usenofp.o(x$fpl$usenofp)
    Region$$Table$$Base                      0x000039b0   Number         0  anon$$obj.o(Region$$Table)
    Region$$Table$$Limit                     0x000039d0   Number         0  anon$$obj.o(Region$$Table)
    __aeabi_HUGE_VAL                         0x000039d0   Data           0  fpconst.o(c$$dinf)
    __aeabi_HUGE_VALL                        0x000039d0   Data           0  fpconst.o(c$$dinf)
    __aeabi_INFINITY                         0x000039d0   Data           0  fpconst.o(c$$dinf)
    __dInf                                   0x000039d0   Data           0  fpconst.o(c$$dinf)
    __huge_val                               0x000039d0   Data           0  fpconst.o(c$$dinf)
    __dbl_max                                0x000039d8   Data           0  fpconst.o(c$$dmax)
    __ctype                                  0x00003a09   Data           0  lc_ctype_c.o(locale$$data)
    ADC0VAL                                  0x20000000   Data           2  main_car.o(.data)
    turncenter                               0x20000004   Data           4  main_car.o(.data)
    turnright                                0x20000008   Data           4  main_car.o(.data)
    turnleft                                 0x2000000c   Data           4  main_car.o(.data)
    pixcnt                                   0x20000010   Data           4  main_car.o(.data)
    clkval                                   0x20000014   Data           4  main_car.o(.data)
    debugcamdata                             0x20000018   Data           4  main_car.o(.data)
    capcnt                                   0x2000001c   Data           4  main_car.o(.data)
    smoother                                 0x20000020   Data          20  main_car.o(.data)
    edger                                    0x20000034   Data          12  main_car.o(.data)
    threshold                                0x20000040   Data           2  main_car.o(.data)
    left                                     0x20000044   Data           4  main_car.o(.data)
    right                                    0x20000048   Data           4  main_car.o(.data)
    maxsmoth                                 0x2000004c   Data           4  main_car.o(.data)
    minsmoth                                 0x20000050   Data           4  main_car.o(.data)
    setmid                                   0x20000054   Data           4  main_car.o(.data)
    PID                                      0x20000058   Data          12  main_car.o(.data)
    line                                     0x20000068   Data         256  main_car.o(.bss)
    str                                      0x20000168   Data         100  main_car.o(.bss)
    smoothed_line                            0x200001cc   Data         256  main_car.o(.bss)
    edge_line                                0x200002cc   Data         512  main_car.o(.bss)
    __libspace_start                         0x200004cc   Data          96  libspace.o(.bss)
    __temporary_stack_top$libspace           0x2000052c   Data           0  libspace.o(.bss)



==============================================================================

Memory Map of the image

  Image Entry point : 0x000004cf

  Load Region LR_1 (Base: 0x00000000, Size: 0x00003b74, Max: 0xffffffff, ABSOLUTE)

    Execution Region ER_RO (Exec base: 0x00000000, Load base: 0x00000000, Size: 0x00003b0c, Max: 0xffffffff, ABSOLUTE)

    Exec Addr    Load Addr    Size         Type   Attr      Idx    E Section Name        Object

    0x00000000   0x00000000   0x00000400   Data   RO          307    RESET               startup_mk64f12.o
    0x00000400   0x00000400   0x00000010   Code   RO          308    .ARM.__at_0x400     startup_mk64f12.o
    0x00000410   0x00000410   0x00000008   Code   RO          358  * !!!main             c_w.l(__main.o)
    0x00000418   0x00000418   0x00000034   Code   RO          704    !!!scatter          c_w.l(__scatter.o)
    0x0000044c   0x0000044c   0x0000001a   Code   RO          706    !!handler_copy      c_w.l(__scatter_copy.o)
    0x00000466   0x00000466   0x00000002   PAD
    0x00000468   0x00000468   0x0000001c   Code   RO          708    !!handler_zi        c_w.l(__scatter_zi.o)
    0x00000484   0x00000484   0x00000002   Code   RO          459    .ARM.Collect$$libinit$$00000000  c_w.l(libinit.o)
    0x00000486   0x00000486   0x00000004   Code   RO          490    .ARM.Collect$$libinit$$00000001  c_w.l(libinit2.o)
    0x0000048a   0x0000048a   0x00000000   Code   RO          493    .ARM.Collect$$libinit$$00000004  c_w.l(libinit2.o)
    0x0000048a   0x0000048a   0x00000000   Code   RO          496    .ARM.Collect$$libinit$$0000000A  c_w.l(libinit2.o)
    0x0000048a   0x0000048a   0x00000000   Code   RO          498    .ARM.Collect$$libinit$$0000000C  c_w.l(libinit2.o)
    0x0000048a   0x0000048a   0x00000000   Code   RO          500    .ARM.Collect$$libinit$$0000000E  c_w.l(libinit2.o)
    0x0000048a   0x0000048a   0x00000006   Code   RO          501    .ARM.Collect$$libinit$$0000000F  c_w.l(libinit2.o)
    0x00000490   0x00000490   0x00000000   Code   RO          503    .ARM.Collect$$libinit$$00000011  c_w.l(libinit2.o)
    0x00000490   0x00000490   0x0000000c   Code   RO          504    .ARM.Collect$$libinit$$00000012  c_w.l(libinit2.o)
    0x0000049c   0x0000049c   0x00000000   Code   RO          505    .ARM.Collect$$libinit$$00000013  c_w.l(libinit2.o)
    0x0000049c   0x0000049c   0x00000000   Code   RO          507    .ARM.Collect$$libinit$$00000015  c_w.l(libinit2.o)
    0x0000049c   0x0000049c   0x0000000a   Code   RO          508    .ARM.Collect$$libinit$$00000016  c_w.l(libinit2.o)
    0x000004a6   0x000004a6   0x00000000   Code   RO          509    .ARM.Collect$$libinit$$00000017  c_w.l(libinit2.o)
    0x000004a6   0x000004a6   0x00000000   Code   RO          511    .ARM.Collect$$libinit$$00000019  c_w.l(libinit2.o)
    0x000004a6   0x000004a6   0x00000000   Code   RO          513    .ARM.Collect$$libinit$$0000001B  c_w.l(libinit2.o)
    0x000004a6   0x000004a6   0x00000000   Code   RO          515    .ARM.Collect$$libinit$$0000001D  c_w.l(libinit2.o)
    0x000004a6   0x000004a6   0x00000000   Code   RO          517    .ARM.Collect$$libinit$$0000001F  c_w.l(libinit2.o)
    0x000004a6   0x000004a6   0x00000000   Code   RO          519    .ARM.Collect$$libinit$$00000021  c_w.l(libinit2.o)
    0x000004a6   0x000004a6   0x00000000   Code   RO          521    .ARM.Collect$$libinit$$00000023  c_w.l(libinit2.o)
    0x000004a6   0x000004a6   0x00000000   Code   RO          523    .ARM.Collect$$libinit$$00000025  c_w.l(libinit2.o)
    0x000004a6   0x000004a6   0x00000000   Code   RO          527    .ARM.Collect$$libinit$$0000002C  c_w.l(libinit2.o)
    0x000004a6   0x000004a6   0x00000000   Code   RO          529    .ARM.Collect$$libinit$$0000002E  c_w.l(libinit2.o)
    0x000004a6   0x000004a6   0x00000000   Code   RO          531    .ARM.Collect$$libinit$$00000030  c_w.l(libinit2.o)
    0x000004a6   0x000004a6   0x00000000   Code   RO          533    .ARM.Collect$$libinit$$00000032  c_w.l(libinit2.o)
    0x000004a6   0x000004a6   0x00000002   Code   RO          534    .ARM.Collect$$libinit$$00000033  c_w.l(libinit2.o)
    0x000004a8   0x000004a8   0x00000002   Code   RO          601    .ARM.Collect$$libshutdown$$00000000  c_w.l(libshutdown.o)
    0x000004aa   0x000004aa   0x00000000   Code   RO          618    .ARM.Collect$$libshutdown$$00000002  c_w.l(libshutdown2.o)
    0x000004aa   0x000004aa   0x00000000   Code   RO          620    .ARM.Collect$$libshutdown$$00000004  c_w.l(libshutdown2.o)
    0x000004aa   0x000004aa   0x00000000   Code   RO          623    .ARM.Collect$$libshutdown$$00000007  c_w.l(libshutdown2.o)
    0x000004aa   0x000004aa   0x00000000   Code   RO          626    .ARM.Collect$$libshutdown$$0000000A  c_w.l(libshutdown2.o)
    0x000004aa   0x000004aa   0x00000000   Code   RO          628    .ARM.Collect$$libshutdown$$0000000C  c_w.l(libshutdown2.o)
    0x000004aa   0x000004aa   0x00000000   Code   RO          631    .ARM.Collect$$libshutdown$$0000000F  c_w.l(libshutdown2.o)
    0x000004aa   0x000004aa   0x00000002   Code   RO          632    .ARM.Collect$$libshutdown$$00000010  c_w.l(libshutdown2.o)
    0x000004ac   0x000004ac   0x00000000   Code   RO          396    .ARM.Collect$$rtentry$$00000000  c_w.l(__rtentry.o)
    0x000004ac   0x000004ac   0x00000000   Code   RO          413    .ARM.Collect$$rtentry$$00000002  c_w.l(__rtentry2.o)
    0x000004ac   0x000004ac   0x00000006   Code   RO          425    .ARM.Collect$$rtentry$$00000004  c_w.l(__rtentry4.o)
    0x000004b2   0x000004b2   0x00000000   Code   RO          415    .ARM.Collect$$rtentry$$00000009  c_w.l(__rtentry2.o)
    0x000004b2   0x000004b2   0x00000004   Code   RO          416    .ARM.Collect$$rtentry$$0000000A  c_w.l(__rtentry2.o)
    0x000004b6   0x000004b6   0x00000000   Code   RO          418    .ARM.Collect$$rtentry$$0000000C  c_w.l(__rtentry2.o)
    0x000004b6   0x000004b6   0x00000008   Code   RO          419    .ARM.Collect$$rtentry$$0000000D  c_w.l(__rtentry2.o)
    0x000004be   0x000004be   0x00000002   Code   RO          475    .ARM.Collect$$rtexit$$00000000  c_w.l(rtexit.o)
    0x000004c0   0x000004c0   0x00000000   Code   RO          536    .ARM.Collect$$rtexit$$00000002  c_w.l(rtexit2.o)
    0x000004c0   0x000004c0   0x00000004   Code   RO          537    .ARM.Collect$$rtexit$$00000003  c_w.l(rtexit2.o)
    0x000004c4   0x000004c4   0x00000006   Code   RO          538    .ARM.Collect$$rtexit$$00000004  c_w.l(rtexit2.o)
    0x000004ca   0x000004ca   0x00000002   PAD
    0x000004cc   0x000004cc   0x00000048   Code   RO          309  * .text               startup_mk64f12.o
    0x00000514   0x00000514   0x0000000c   Code   RO          353    .text               c_w.l(strtok.o)
    0x00000520   0x00000520   0x00000006   Code   RO          356    .text               c_w.l(heapauxi.o)
    0x00000526   0x00000526   0x0000001a   Code   RO          397    .text               c_w.l(strtof.o)
    0x00000540   0x00000540   0x00000044   Code   RO          399    .text               c_w.l(strtok_int.o)
    0x00000584   0x00000584   0x000000a4   Code   RO          427    .text               c_w.l(strtod.o)
    0x00000628   0x00000628   0x00000020   Code   RO          429    .text               c_w.l(strcspn.o)
    0x00000648   0x00000648   0x0000001c   Code   RO          431    .text               c_w.l(strspn.o)
    0x00000664   0x00000664   0x0000004a   Code   RO          441    .text               c_w.l(sys_stackheap_outer.o)
    0x000006ae   0x000006ae   0x00000016   Code   RO          443    .text               c_w.l(_rserrno.o)
    0x000006c4   0x000006c4   0x00000012   Code   RO          445    .text               c_w.l(isspace.o)
    0x000006d6   0x000006d6   0x00000040   Code   RO          447    .text               c_w.l(_sgetc.o)
    0x00000716   0x00000716   0x00000012   Code   RO          452    .text               c_w.l(exit.o)
    0x00000728   0x00000728   0x00000008   Code   RO          472    .text               c_w.l(libspace.o)
    0x00000730   0x00000730   0x00000010   Code   RO          477    .text               c_w.l(rt_ctype_table.o)
    0x00000740   0x00000740   0x00000008   Code   RO          482    .text               c_w.l(rt_errno_addr_intlibspace.o)
    0x00000748   0x00000748   0x000004f8   Code   RO          484    .text               c_w.l(scanf_fp.o)
    0x00000c40   0x00000c40   0x00000080   Code   RO          488    .text               c_w.l(strcmpv7m.o)
    0x00000cc0   0x00000cc0   0x00000008   Code   RO          545    .text               c_w.l(rt_locale_intlibspace.o)
    0x00000cc8   0x00000cc8   0x000000e4   Code   RO          547    .text               c_w.l(bigflt0.o)
    0x00000dac   0x00000dac   0x0000000c   Code   RO          589    .text               c_w.l(sys_exit.o)
    0x00000db8   0x00000db8   0x00000320   Code   RO          591    .text               c_w.l(scanf_hexfp.o)
    0x000010d8   0x000010d8   0x00000134   Code   RO          593    .text               c_w.l(scanf_infnan.o)
    0x0000120c   0x0000120c   0x00000002   Code   RO          604    .text               c_w.l(use_no_semi.o)
    0x0000120e   0x0000120e   0x00000000   Code   RO          606    .text               c_w.l(indicate_semi.o)
    0x0000120e   0x0000120e   0x00000026   Code   RO          609    .text               c_w.l(llshl.o)
    0x00001234   0x00001234   0x0000001c   Code   RO          611    .text               c_w.l(_chval.o)
    0x00001250   0x00001250   0x00000338   Code   RO          560    CL$$btod_div_common  c_w.l(btod.o)
    0x00001588   0x00001588   0x00000084   Code   RO          558    CL$$btod_e2d        c_w.l(btod.o)
    0x0000160c   0x0000160c   0x000000dc   Code   RO          557    CL$$btod_e2e        c_w.l(btod.o)
    0x000016e8   0x000016e8   0x0000002a   Code   RO          554    CL$$btod_ediv       c_w.l(btod.o)
    0x00001712   0x00001712   0x0000002a   Code   RO          556    CL$$btod_edivd      c_w.l(btod.o)
    0x0000173c   0x0000173c   0x0000002a   Code   RO          553    CL$$btod_emul       c_w.l(btod.o)
    0x00001766   0x00001766   0x0000002a   Code   RO          555    CL$$btod_emuld      c_w.l(btod.o)
    0x00001790   0x00001790   0x00000244   Code   RO          559    CL$$btod_mult_common  c_w.l(btod.o)
    0x000019d4   0x000019d4   0x00000014   Code   RO          111    i.ADC0_IRQHandler   main_car.o
    0x000019e8   0x000019e8   0x000000a4   Code   RO           54    i.FTM0_init         pwm.o
    0x00001a8c   0x00001a8c   0x00000054   Code   RO           55    i.FTM0_set_duty_cycle  pwm.o
    0x00001ae0   0x00001ae0   0x00000128   Code   RO          112    i.FTM2_IRQHandler   main_car.o
    0x00001c08   0x00001c08   0x00000060   Code   RO           56    i.FTM3_init         pwm.o
    0x00001c68   0x00001c68   0x000000f0   Code   RO           57    i.FTM3_set_duty_cycle  pwm.o
    0x00001d58   0x00001d58   0x00000254   Code   RO          113    i.PIDSpeed          main_car.o
    0x00001fac   0x00001fac   0x00000044   Code   RO          114    i.PIT0_IRQHandler   main_car.o
    0x00001ff0   0x00001ff0   0x000000a0   Code   RO          319    i.SystemInit        system_mk64f12.o
    0x00002090   0x00002090   0x00000022   Code   RO          115    i.__NVIC_EnableIRQ  main_car.o
    0x000020b2   0x000020b2   0x00000006   PAD
    0x000020b8   0x000020b8   0x000000f8   Code   RO          433    i.__hardfp___mathlib_tofloat  m_wm.l(narrow.o)
    0x000021b0   0x000021b0   0x000000d0   Code   RO          633    i.__hardfp_ldexp    m_wm.l(ldexp.o)
    0x00002280   0x00002280   0x00000020   Code   RO          390    i.__hardfp_strtof   m_wm.l(strtof.o)
    0x000022a0   0x000022a0   0x00000020   Code   RO          661    i.__mathlib_dbl_overflow  m_wm.l(dunder.o)
    0x000022c0   0x000022c0   0x00000020   Code   RO          663    i.__mathlib_dbl_underflow  m_wm.l(dunder.o)
    0x000022e0   0x000022e0   0x00000012   Code   RO          434    i.__mathlib_narrow  m_wm.l(narrow.o)
    0x000022f2   0x000022f2   0x00000014   Code   RO          635    i.__support_ldexp   m_wm.l(ldexp.o)
    0x00002306   0x00002306   0x0000000e   Code   RO          486    i._is_digit         c_w.l(scanf_fp.o)
    0x00002314   0x00002314   0x00000054   Code   RO          116    i.bluetoothPID      main_car.o
    0x00002368   0x00002368   0x00000078   Code   RO          117    i.edge_finder       main_car.o
    0x000023e0   0x000023e0   0x00000038   Code   RO           58    i.en_motors         pwm.o
    0x00002418   0x00002418   0x0000008c   Code   RO          468    i.frexp             m_wm.l(frexp.o)
    0x000024a4   0x000024a4   0x0000000c   Code   RO          118    i.init              main_car.o
    0x000024b0   0x000024b0   0x000000bc   Code   RO          119    i.init_ADC0         main_car.o
    0x0000256c   0x0000256c   0x000000ac   Code   RO          120    i.init_FTM2         main_car.o
    0x00002618   0x00002618   0x00000044   Code   RO          121    i.init_GPIO         main_car.o
    0x0000265c   0x0000265c   0x00000070   Code   RO          122    i.init_PIT          main_car.o
    0x000026cc   0x000026cc   0x00000010   Code   RO           59    i.init_motors       pwm.o
    0x000026dc   0x000026dc   0x00000094   Code   RO          123    i.line_averager     main_car.o
    0x00002770   0x00002770   0x000001d0   Code   RO          124    i.main              main_car.o
    0x00002940   0x00002940   0x00000048   Code   RO          125    i.maxedge           main_car.o
    0x00002988   0x00002988   0x00000028   Code   RO          126    i.maxsmooth         main_car.o
    0x000029b0   0x000029b0   0x00000044   Code   RO          127    i.minedge           main_car.o
    0x000029f4   0x000029f4   0x00000028   Code   RO          128    i.minsmooth         main_car.o
    0x00002a1c   0x00002a1c   0x00000016   Code   RO          130    i.uart0_put         main_car.o
    0x00002a32   0x00002a32   0x00000002   PAD
    0x00002a34   0x00002a34   0x00000018   Code   RO          131    i.uart0_putchar     main_car.o
    0x00002a4c   0x00002a4c   0x00000064   Code   RO          132    i.uart0_putnumU     main_car.o
    0x00002ab0   0x00002ab0   0x00000016   Code   RO          134    i.uart3_put         main_car.o
    0x00002ac6   0x00002ac6   0x00000002   PAD
    0x00002ac8   0x00002ac8   0x00000018   Code   RO          135    i.uart3_putchar     main_car.o
    0x00002ae0   0x00002ae0   0x00000064   Code   RO          136    i.uart3_putnumU     main_car.o
    0x00002b44   0x00002b44   0x00000120   Code   RO            4    i.uart_init         uart.o
    0x00002c64   0x00002c64   0x0000002c   Code   RO          450    locale$$code        c_w.l(lc_numeric_c.o)
    0x00002c90   0x00002c90   0x0000002c   Code   RO          573    locale$$code        c_w.l(lc_ctype_c.o)
    0x00002cbc   0x00002cbc   0x00000062   Code   RO          360    x$fpl$d2f           fz_wm.l(d2f.o)
    0x00002d1e   0x00002d1e   0x00000002   PAD
    0x00002d20   0x00002d20   0x00000150   Code   RO          362    x$fpl$dadd          fz_wm.l(daddsub_clz.o)
    0x00002e70   0x00002e70   0x00000010   Code   RO          676    x$fpl$dcheck1       fz_wm.l(dcheck1.o)
    0x00002e80   0x00002e80   0x00000018   Code   RO          401    x$fpl$dcmpinf       fz_wm.l(dcmpi.o)
    0x00002e98   0x00002e98   0x000002b0   Code   RO          369    x$fpl$ddiv          fz_wm.l(ddiv.o)
    0x00003148   0x00003148   0x00000078   Code   RO          460    x$fpl$deqf          fz_wm.l(deqf.o)
    0x000031c0   0x000031c0   0x0000005a   Code   RO          372    x$fpl$dfixu         fz_wm.l(dfixu.o)
    0x0000321a   0x0000321a   0x0000002e   Code   RO          377    x$fpl$dflt          fz_wm.l(dflt_clz.o)
    0x00003248   0x00003248   0x00000026   Code   RO          376    x$fpl$dfltu         fz_wm.l(dflt_clz.o)
    0x0000326e   0x0000326e   0x00000002   PAD
    0x00003270   0x00003270   0x00000078   Code   RO          382    x$fpl$dleqf         fz_wm.l(dleqf.o)
    0x000032e8   0x000032e8   0x00000154   Code   RO          384    x$fpl$dmul          fz_wm.l(dmul.o)
    0x0000343c   0x0000343c   0x0000009c   Code   RO          403    x$fpl$dnaninf       fz_wm.l(dnaninf.o)
    0x000034d8   0x000034d8   0x0000000c   Code   RO          405    x$fpl$dretinf       fz_wm.l(dretinf.o)
    0x000034e4   0x000034e4   0x0000006c   Code   RO          386    x$fpl$drleqf        fz_wm.l(drleqf.o)
    0x00003550   0x00003550   0x000001d4   Code   RO          364    x$fpl$dsub          fz_wm.l(daddsub_clz.o)
    0x00003724   0x00003724   0x00000056   Code   RO          388    x$fpl$f2d           fz_wm.l(f2d.o)
    0x0000377a   0x0000377a   0x0000008c   Code   RO          407    x$fpl$fnaninf       fz_wm.l(fnaninf.o)
    0x00003806   0x00003806   0x0000000a   Code   RO          581    x$fpl$fpinit        fz_wm.l(fpinit.o)
    0x00003810   0x00003810   0x0000000a   Code   RO          409    x$fpl$fretinf       fz_wm.l(fretinf.o)
    0x0000381a   0x0000381a   0x00000006   Code   RO          462    x$fpl$ieeestatus    fz_wm.l(istatus.o)
    0x00003820   0x00003820   0x00000064   Code   RO          682    x$fpl$retnan        fz_wm.l(retnan.o)
    0x00003884   0x00003884   0x0000005c   Code   RO          655    x$fpl$scalbn        fz_wm.l(scalbn.o)
    0x000038e0   0x000038e0   0x00000004   Code   RO          464    x$fpl$scanf1        fz_wm.l(scanf1.o)
    0x000038e4   0x000038e4   0x00000008   Code   RO          583    x$fpl$scanf2        fz_wm.l(scanf2.o)
    0x000038ec   0x000038ec   0x00000030   Code   RO          700    x$fpl$trapveneer    fz_wm.l(trapv.o)
    0x0000391c   0x0000391c   0x00000000   Code   RO          411    x$fpl$usenofp       fz_wm.l(usenofp.o)
    0x0000391c   0x0000391c   0x00000094   Data   RO          548    .constdata          c_w.l(bigflt0.o)
    0x000039b0   0x000039b0   0x00000020   Data   RO          702    Region$$Table       anon$$obj.o
    0x000039d0   0x000039d0   0x00000008   Data   RO          577    c$$dinf             fz_wm.l(fpconst.o)
    0x000039d8   0x000039d8   0x00000008   Data   RO          580    c$$dmax             fz_wm.l(fpconst.o)
    0x000039e0   0x000039e0   0x0000001c   Data   RO          449    locale$$data        c_w.l(lc_numeric_c.o)
    0x000039fc   0x000039fc   0x00000110   Data   RO          572    locale$$data        c_w.l(lc_ctype_c.o)


    Execution Region ER_RW (Exec base: 0x20000000, Load base: 0x00003b0c, Size: 0x00000068, Max: 0xffffffff, ABSOLUTE)

    Exec Addr    Load Addr    Size         Type   Attr      Idx    E Section Name        Object

    0x20000000   0x00003b0c   0x00000064   Data   RW          138    .data               main_car.o
    0x20000064   0x00003b70   0x00000004   Data   RW          354    .data               c_w.l(strtok.o)


    Execution Region ER_ZI (Exec base: 0x20000068, Load base: 0x00003b74, Size: 0x000008c8, Max: 0xffffffff, ABSOLUTE)

    Exec Addr    Load Addr    Size         Type   Attr      Idx    E Section Name        Object

    0x20000068        -       0x00000464   Zero   RW          137    .bss                main_car.o
    0x200004cc        -       0x00000060   Zero   RW          473    .bss                c_w.l(libspace.o)
    0x2000052c   0x00003b74   0x00000004   PAD
    0x20000530        -       0x00000000   Zero   RW          306    HEAP                startup_mk64f12.o
    0x20000530        -       0x00000400   Zero   RW          305    STACK               startup_mk64f12.o


==============================================================================

Image component sizes


      Code (inc. data)   RO Data    RW Data    ZI Data      Debug   Object Name

      2894        334          0        100       1124      14835   main_car.o
       656         98          0          0          0       3298   pwm.o
        88         44       1024          0       1024       1132   startup_mk64f12.o
       160         24          0          0          0        561   system_mk64f12.o
       288         18          0          0          0     351228   uart.o

    ----------------------------------------------------------------------
      4096        518       1056        100       2148     371054   Object Totals
         0          0         32          0          0          0   (incl. Generated)
        10          0          0          0          0          0   (incl. Padding)

    ----------------------------------------------------------------------

      Code (inc. data)   RO Data    RW Data    ZI Data      Debug   Library Member Name

         8          0          0          0          0         68   __main.o
         0          0          0          0          0          0   __rtentry.o
        12          0          0          0          0          0   __rtentry2.o
         6          0          0          0          0          0   __rtentry4.o
        52          8          0          0          0          0   __scatter.o
        26          0          0          0          0          0   __scatter_copy.o
        28          0          0          0          0          0   __scatter_zi.o
        28          0          0          0          0         68   _chval.o
        22          0          0          0          0        100   _rserrno.o
        64          0          0          0          0         84   _sgetc.o
       228          4        148          0          0         96   bigflt0.o
      1924        136          0          0          0        756   btod.o
        18          0          0          0          0         80   exit.o
         6          0          0          0          0        152   heapauxi.o
         0          0          0          0          0          0   indicate_semi.o
        18          0          0          0          0         76   isspace.o
        44         10        272          0          0         76   lc_ctype_c.o
        44         10         28          0          0         76   lc_numeric_c.o
         2          0          0          0          0          0   libinit.o
        34          0          0          0          0          0   libinit2.o
         2          0          0          0          0          0   libshutdown.o
         2          0          0          0          0          0   libshutdown2.o
         8          4          0          0         96         68   libspace.o
        38          0          0          0          0         68   llshl.o
        16          4          0          0          0         76   rt_ctype_table.o
         8          4          0          0          0         68   rt_errno_addr_intlibspace.o
         8          4          0          0          0         68   rt_locale_intlibspace.o
         2          0          0          0          0          0   rtexit.o
        10          0          0          0          0          0   rtexit2.o
      1286         16          0          0          0        236   scanf_fp.o
       800         14          0          0          0        100   scanf_hexfp.o
       308         16          0          0          0        100   scanf_infnan.o
       128          0          0          0          0         68   strcmpv7m.o
        32          0          0          0          0         80   strcspn.o
        28          0          0          0          0         80   strspn.o
       164         14          0          0          0        120   strtod.o
        26          0          0          0          0         80   strtof.o
        12          6          0          4          0         68   strtok.o
        68          4          0          0          0         84   strtok_int.o
        12          4          0          0          0         68   sys_exit.o
        74          0          0          0          0         80   sys_stackheap_outer.o
         2          0          0          0          0         68   use_no_semi.o
        98          4          0          0          0        140   d2f.o
       804         16          0          0          0        368   daddsub_clz.o
        16          4          0          0          0        116   dcheck1.o
        24          0          0          0          0        116   dcmpi.o
       688        140          0          0          0        256   ddiv.o
       120          4          0          0          0        140   deqf.o
        90          4          0          0          0        140   dfixu.o
        84          0          0          0          0        232   dflt_clz.o
       120          4          0          0          0        140   dleqf.o
       340         12          0          0          0        152   dmul.o
       156          4          0          0          0        140   dnaninf.o
        12          0          0          0          0        116   dretinf.o
       108          0          0          0          0        128   drleqf.o
        86          4          0          0          0        132   f2d.o
       140          4          0          0          0        132   fnaninf.o
         0          0         16          0          0          0   fpconst.o
        10          0          0          0          0        116   fpinit.o
        10          0          0          0          0        116   fretinf.o
         6          0          0          0          0        116   istatus.o
       100          0          0          0          0        116   retnan.o
        92          0          0          0          0        116   scalbn.o
         4          0          0          0          0        116   scanf1.o
         8          0          0          0          0        132   scanf2.o
        48          0          0          0          0        116   trapv.o
         0          0          0          0          0          0   usenofp.o
        64         16          0          0          0        248   dunder.o
       140         22          0          0          0        132   frexp.o
       228          8          0          0          0        308   ldexp.o
       266         16          0          0          0        308   narrow.o
        32          6          0          0          0        124   strtof.o

    ----------------------------------------------------------------------
      9500        526        464          4        100       7724   Library Totals
         8          0          0          0          4          0   (incl. Padding)

    ----------------------------------------------------------------------

      Code (inc. data)   RO Data    RW Data    ZI Data      Debug   Library Name

      5598        258        448          4         96       3212   c_w.l
      3164        200         16          0          0       3392   fz_wm.l
       730         68          0          0          0       1120   m_wm.l

    ----------------------------------------------------------------------
      9500        526        464          4        100       7724   Library Totals

    ----------------------------------------------------------------------

==============================================================================


      Code (inc. data)   RO Data    RW Data    ZI Data      Debug   

     13596       1044       1520        104       2248     371362   Grand Totals
     13596       1044       1520        104       2248     371362   ELF Image Totals
     13596       1044       1520        104          0          0   ROM Totals

==============================================================================

    Total RO  Size (Code + RO Data)                15116 (  14.76kB)
    Total RW  Size (RW Data + ZI Data)              2352 (   2.30kB)
    Total ROM Size (Code + RO Data + RW Data)      15220 (  14.86kB)

==============================================================================

